[Munich Mod] Copying data files to cities/data/MUC...
[Munich Mod] Data files copied successfully.
[Munich Mod] Starting tile server on port 8082...
2026/08/27 11:39:10 main.go:165: Serving  /Users/lenny/subway-builder-maps/game-mods/Munich on port 8082 and interface 0.0.0.0 with Access-Control-Allow-Origin: *
2026/08/27 11:39:12 server.go:156: fetching MUC 0-16384
2026/08/27 11:39:12 server.go:200: fetched MUC 0-16384
2026/08/27 11:39:12 server.go:156: fetching MUC 127-46
2026/08/27 11:39:12 server.go:200: fetched MUC 127-46
2026/08/27 11:39:12 server.go:156: fetching MUC 3432-9045
2026/08/27 11:39:12 server.go:200: fetched MUC 3432-9045
2026/08/27 11:39:12 main.go:162: served 200 %2FMUC%2F0%2F0%2F0.mvt in 3.550542ms
2026/08/27 11:58:33 main.go:162: served 304 %2FMUC%2F10%2F544%2F356.mvt in 3.667084ms
2026/08/27 11:58:33 main.go:162: served 304 %2FMUC%2F10%2F545%2F354.mvt in 5.36575ms
2026/08/27 11:58:33 main.go:162: served 304 %2FMUC%2F10%2F543%2F355.mvt in 4.531167ms
2026/08/27 11:58:33 main.go:162: served 304 %2FMUC%2F10%2F544%2F355.mvt in 7.521375ms
2026/08/27 11:58:33 main.go:162: served 304 %2FMUC%2F10%2F545%2F355.mvt in 11.308917ms
2026/08/27 11:58:33 main.go:162: served 304 %2FMUC%2F10%2F546%2F356.mvt in 222.25µs
2026/08/27 11:58:33 main.go:162: served 304 %2FMUC%2F10%2F543%2F356.mvt in 5.161667ms
2026/08/27 11:58:33 main.go:162: served 304 %2FMUC%2F10%2F546%2F354.mvt in 4.572041ms
2026/08/27 11:58:33 main.go:162: served 304 %2FMUC%2F10%2F545%2F356.mvt in 5.236042ms
2026/08/27 11:58:33 main.go:162: served 304 %2FMUC%2F10%2F544%2F354.mvt in 14.185125ms
2026/08/27 11:58:33 main.go:162: served 304 %2FMUC%2F10%2F546%2F355.mvt in 4.5355ms
2026/08/27 11:58:33 main.go:162: served 304 %2FMUC%2F10%2F543%2F354.mvt in 5.506125ms
2026/08/27 11:58:36 main.go:162: served 304 %2FMUC%2F11%2F1090%2F711.mvt in 1.671875ms
2026/08/27 11:58:36 main.go:162: served 304 %2FMUC%2F11%2F1089%2F711.mvt in 1.784667ms
2026/08/27 11:58:36 main.go:162: served 304 %2FMUC%2F11%2F1089%2F709.mvt in 2.149917ms
2026/08/27 11:58:36 main.go:162: served 304 %2FMUC%2F11%2F1090%2F710.mvt in 2.288959ms
2026/08/27 11:58:36 main.go:162: served 304 %2FMUC%2F11%2F1089%2F710.mvt in 2.433708ms
2026/08/27 11:58:36 main.go:162: served 304 %2FMUC%2F11%2F1090%2F709.mvt in 2.304417ms
2026/08/27 11:58:36 main.go:162: served 304 %2FMUC%2F11%2F1091%2F711.mvt in 1.578875ms
2026/08/27 11:58:36 main.go:162: served 304 %2FMUC%2F11%2F1091%2F709.mvt in 1.529125ms
2026/08/27 11:58:36 main.go:162: served 304 %2FMUC%2F11%2F1091%2F710.mvt in 3.21ms
2026/08/27 11:58:36 main.go:162: served 304 %2FMUC%2F11%2F1088%2F711.mvt in 2.800625ms
2026/08/27 11:58:36 main.go:162: served 304 %2FMUC%2F11%2F1088%2F710.mvt in 3.358666ms
2026/08/27 11:58:36 main.go:162: served 304 %2FMUC%2F11%2F1088%2F709.mvt in 1.86825ms
2026/08/27 11:58:37 main.go:162: served 304 %2FMUC%2F12%2F2180%2F1420.mvt in 4.762208ms
2026/08/27 11:58:37 main.go:162: served 304 %2FMUC%2F12%2F2178%2F1420.mvt in 5.63775ms
2026/08/27 11:58:37 main.go:162: served 304 %2FMUC%2F12%2F2181%2F1420.mvt in 6.013375ms
2026/08/27 11:58:37 main.go:162: served 304 %2FMUC%2F12%2F2179%2F1420.mvt in 5.896083ms
2026/08/27 11:58:37 main.go:162: served 304 %2FMUC%2F12%2F2180%2F1421.mvt in 6.29575ms
2026/08/27 11:58:37 main.go:162: served 304 %2FMUC%2F12%2F2179%2F1421.mvt in 6.35925ms
2026/08/27 11:58:37 main.go:162: served 304 %2FMUC%2F12%2F2178%2F1421.mvt in 11.33525ms
2026/08/27 11:58:37 main.go:162: served 304 %2FMUC%2F12%2F2181%2F1421.mvt in 10.760875ms
2026/08/27 11:58:37 main.go:162: served 304 %2FMUC%2F13%2F4358%2F2842.mvt in 1.999125ms
2026/08/27 11:58:37 main.go:162: served 304 %2FMUC%2F13%2F4358%2F2841.mvt in 5.90825ms
2026/08/27 11:58:37 main.go:162: served 304 %2FMUC%2F13%2F4360%2F2842.mvt in 7.49725ms
2026/08/27 11:58:37 main.go:162: served 304 %2FMUC%2F13%2F4359%2F2842.mvt in 13.117375ms
2026/08/27 11:58:37 main.go:162: served 304 %2FMUC%2F13%2F4359%2F2841.mvt in 11.697125ms
2026/08/27 11:58:37 main.go:162: served 304 %2FMUC%2F13%2F4360%2F2841.mvt in 9.543542ms
2026/08/27 11:58:37 main.go:162: served 200 %2FMUC%2F14%2F8718%2F5684.mvt in 2.837459ms
2026/08/27 11:58:37 main.go:162: served 200 %2FMUC%2F14%2F8719%2F5685.mvt in 2.45025ms
2026/08/27 11:58:37 main.go:162: served 200 %2FMUC%2F14%2F8719%2F5683.mvt in 2.241ms
2026/08/27 11:58:37 main.go:162: served 200 %2FMUC%2F14%2F8719%2F5684.mvt in 2.9315ms
2026/08/27 11:58:37 main.go:162: served 200 %2FMUC%2F14%2F8718%2F5683.mvt in 2.484292ms
2026/08/27 11:58:37 main.go:162: served 200 %2FMUC%2F14%2F8718%2F5685.mvt in 3.1835ms
2026/08/27 11:58:37 main.go:162: served 200 %2FMUC%2F14%2F8720%2F5684.mvt in 1.881209ms
2026/08/27 11:58:37 main.go:162: served 200 %2FMUC%2F14%2F8717%2F5685.mvt in 3.60225ms
2026/08/27 11:58:37 main.go:162: served 200 %2FMUC%2F14%2F8717%2F5684.mvt in 4.419167ms
2026/08/27 11:58:37 main.go:162: served 200 %2FMUC%2F14%2F8720%2F5683.mvt in 4.078792ms
2026/08/27 11:58:37 main.go:162: served 200 %2FMUC%2F14%2F8717%2F5683.mvt in 4.35775ms
2026/08/27 11:58:37 main.go:162: served 200 %2FMUC%2F14%2F8720%2F5685.mvt in 4.431417ms
2026/08/27 11:58:38 server.go:156: fetching MUC 12477-8430
2026/08/27 11:58:38 server.go:200: fetched MUC 12477-8430
2026/08/27 11:58:38 main.go:162: served 200 %2FMUC%2F15%2F17438%2F11370.mvt in 1.596708ms
2026/08/27 11:58:38 main.go:162: served 200 %2FMUC%2F15%2F17437%2F11370.mvt in 2.021709ms
2026/08/27 11:58:38 main.go:162: served 200 %2FMUC%2F15%2F17438%2F11369.mvt in 2.640958ms
2026/08/27 11:58:38 main.go:162: served 200 %2FMUC%2F15%2F17437%2F11369.mvt in 3.187333ms
2026/08/27 11:58:38 main.go:162: served 200 %2FMUC%2F15%2F17438%2F11368.mvt in 2.258542ms
2026/08/27 11:58:38 main.go:162: served 200 %2FMUC%2F15%2F17437%2F11368.mvt in 2.709625ms
2026/08/27 11:58:38 main.go:162: served 200 %2FMUC%2F15%2F17436%2F11370.mvt in 220.875µs
2026/08/27 11:58:38 main.go:162: served 200 %2FMUC%2F15%2F17436%2F11369.mvt in 313.958µs
2026/08/27 11:58:38 main.go:162: served 200 %2FMUC%2F15%2F17436%2F11368.mvt in 336.875µs
2026/08/27 11:58:38 main.go:162: served 200 %2FMUC%2F15%2F17439%2F11369.mvt in 247.917µs
2026/08/27 11:58:38 main.go:162: served 200 %2FMUC%2F15%2F17439%2F11368.mvt in 104.709µs
2026/08/27 11:58:38 main.go:162: served 200 %2FMUC%2F15%2F17439%2F11370.mvt in 322.5µs
2026/08/27 11:58:39 main.go:162: served 304 %2FMUC%2F15%2F17437%2F11369.mvt in 1.06275ms
2026/08/27 11:58:39 main.go:162: served 304 %2FMUC%2F15%2F17438%2F11369.mvt in 1.545417ms
2026/08/27 11:58:39 main.go:162: served 304 %2FMUC%2F15%2F17437%2F11369.mvt in 186.708µs
2026/08/27 11:58:39 main.go:162: served 304 %2FMUC%2F15%2F17438%2F11369.mvt in 202.75µs
2026/08/27 11:58:40 main.go:162: served 304 %2FMUC%2F15%2F17437%2F11369.mvt in 311.75µs
2026/08/27 11:58:40 main.go:162: served 304 %2FMUC%2F15%2F17437%2F11369.mvt in 174.375µs
2026/08/27 11:58:40 main.go:162: served 304 %2FMUC%2F15%2F17437%2F11369.mvt in 238.833µs
2026/08/27 11:58:41 main.go:162: served 304 %2FMUC%2F15%2F17437%2F11369.mvt in 161.709µs
2026/08/27 11:58:43 main.go:162: served 304 %2FMUC%2F15%2F17437%2F11369.mvt in 279.125µs
2026/08/27 11:58:44 main.go:162: served 304 %2FMUC%2F15%2F17437%2F11369.mvt in 214.5µs
2026/08/27 11:58:44 main.go:162: served 304 %2FMUC%2F15%2F17437%2F11369.mvt in 217.208µs
2026/08/27 11:58:44 main.go:162: served 304 %2FMUC%2F15%2F17437%2F11369.mvt in 211.708µs
2026/08/27 11:58:44 main.go:162: served 304 %2FMUC%2F15%2F17438%2F11369.mvt in 205.541µs
2026/08/27 11:58:45 main.go:162: served 304 %2FMUC%2F15%2F17438%2F11369.mvt in 167.334µs
2026/08/27 11:58:45 main.go:162: served 304 %2FMUC%2F15%2F17437%2F11369.mvt in 210.042µs
2026/08/27 11:58:45 main.go:162: served 304 %2FMUC%2F15%2F17438%2F11370.mvt in 144.916µs
2026/08/27 11:58:45 main.go:162: served 304 %2FMUC%2F15%2F17437%2F11370.mvt in 114.667µs
2026/08/27 11:58:45 main.go:162: served 304 %2FMUC%2F15%2F17436%2F11369.mvt in 162.875µs
2026/08/27 11:58:45 main.go:162: served 304 %2FMUC%2F15%2F17437%2F11369.mvt in 137.083µs
2026/08/27 11:58:45 main.go:162: served 304 %2FMUC%2F15%2F17437%2F11370.mvt in 122.125µs
2026/08/27 11:58:45 main.go:162: served 304 %2FMUC%2F15%2F17438%2F11369.mvt in 145.333µs
2026/08/27 11:58:45 main.go:162: served 304 %2FMUC%2F15%2F17438%2F11370.mvt in 74.833µs
2026/08/27 11:58:45 main.go:162: served 304 %2FMUC%2F15%2F17437%2F11368.mvt in 59.25µs
2026/08/27 11:58:45 main.go:162: served 304 %2FMUC%2F15%2F17436%2F11369.mvt in 63.083µs
2026/08/27 11:58:45 main.go:162: served 304 %2FMUC%2F15%2F17438%2F11368.mvt in 73.833µs
2026/08/27 11:58:45 main.go:162: served 304 %2FMUC%2F15%2F17436%2F11368.mvt in 91.708µs
2026/08/27 11:58:45 main.go:162: served 304 %2FMUC%2F15%2F17436%2F11370.mvt in 214.959µs
2026/08/27 11:58:45 main.go:162: served 304 %2FMUC%2F15%2F17439%2F11368.mvt in 134.834µs
2026/08/27 11:58:45 main.go:162: served 304 %2FMUC%2F15%2F17439%2F11369.mvt in 294.5µs
2026/08/27 11:58:45 main.go:162: served 200 %2FMUC%2F15%2F17435%2F11368.mvt in 450.5µs
2026/08/27 11:58:45 main.go:162: served 304 %2FMUC%2F14%2F8717%2F5684.mvt in 124.291µs
2026/08/27 11:58:45 main.go:162: served 304 %2FMUC%2F14%2F8719%2F5685.mvt in 318.25µs
2026/08/27 11:58:45 main.go:162: served 304 %2FMUC%2F14%2F8718%2F5684.mvt in 358.916µs
2026/08/27 11:58:45 main.go:162: served 304 %2FMUC%2F14%2F8719%2F5684.mvt in 359.833µs
2026/08/27 11:58:45 main.go:162: served 304 %2FMUC%2F14%2F8718%2F5685.mvt in 433.625µs
2026/08/27 11:58:45 main.go:162: served 304 %2FMUC%2F14%2F8717%2F5683.mvt in 314.958µs
2026/08/27 11:58:45 main.go:162: served 304 %2FMUC%2F14%2F8718%2F5683.mvt in 530.959µs
2026/08/27 11:58:45 main.go:162: served 304 %2FMUC%2F14%2F8719%2F5683.mvt in 309.916µs
2026/08/27 11:58:45 main.go:162: served 304 %2FMUC%2F14%2F8717%2F5685.mvt in 1.069042ms
2026/08/27 11:58:45 main.go:162: served 304 %2FMUC%2F14%2F8720%2F5683.mvt in 192.625µs
2026/08/27 11:58:45 main.go:162: served 304 %2FMUC%2F14%2F8720%2F5684.mvt in 1.445541ms
2026/08/27 11:58:45 main.go:162: served 200 %2FMUC%2F14%2F8716%2F5683.mvt in 2.442542ms
2026/08/27 11:58:45 main.go:162: served 304 %2FMUC%2F13%2F4358%2F2842.mvt in 248.166µs
2026/08/27 11:58:45 main.go:162: served 304 %2FMUC%2F13%2F4359%2F2841.mvt in 105.833µs
2026/08/27 11:58:45 main.go:162: served 304 %2FMUC%2F13%2F4359%2F2842.mvt in 1.14625ms
2026/08/27 11:58:45 main.go:162: served 304 %2FMUC%2F13%2F4360%2F2841.mvt in 29.129417ms
2026/08/27 11:58:45 main.go:162: served 304 %2FMUC%2F13%2F4358%2F2841.mvt in 32.699166ms
2026/08/27 11:58:45 main.go:162: served 304 %2FMUC%2F13%2F4360%2F2842.mvt in 39.611042ms
2026/08/27 11:58:45 main.go:162: served 304 %2FMUC%2F13%2F4358%2F2843.mvt in 490.5µs
2026/08/27 11:58:45 main.go:162: served 304 %2FMUC%2F13%2F4360%2F2843.mvt in 4.633625ms
2026/08/27 11:58:45 main.go:162: served 304 %2FMUC%2F13%2F4359%2F2843.mvt in 4.363208ms
2026/08/27 11:58:45 main.go:162: served 304 %2FMUC%2F13%2F4357%2F2841.mvt in 2.612875ms
2026/08/27 11:58:45 main.go:162: served 304 %2FMUC%2F13%2F4357%2F2842.mvt in 2.265375ms
2026/08/27 11:58:45 main.go:162: served 200 %2FMUC%2F13%2F4361%2F2841.mvt in 1.129333ms
2026/08/27 11:58:45 main.go:162: served 304 %2FMUC%2F12%2F2178%2F1421.mvt in 2.495959ms
2026/08/27 11:58:45 main.go:162: served 304 %2FMUC%2F12%2F2179%2F1420.mvt in 2.63525ms
2026/08/27 11:58:45 main.go:162: served 304 %2FMUC%2F12%2F2180%2F1420.mvt in 2.603292ms
2026/08/27 11:58:45 main.go:162: served 304 %2FMUC%2F12%2F2180%2F1421.mvt in 2.950875ms
2026/08/27 11:58:45 main.go:162: served 304 %2FMUC%2F12%2F2179%2F1421.mvt in 2.961208ms
2026/08/27 11:58:45 main.go:162: served 304 %2FMUC%2F12%2F2178%2F1420.mvt in 2.790209ms
2026/08/27 11:58:46 main.go:162: served 304 %2FMUC%2F11%2F1089%2F709.mvt in 206.5µs
2026/08/27 11:58:46 main.go:162: served 304 %2FMUC%2F11%2F1089%2F711.mvt in 78.709µs
2026/08/27 11:58:46 main.go:162: served 304 %2FMUC%2F11%2F1090%2F710.mvt in 82µs
2026/08/27 11:58:46 main.go:162: served 304 %2FMUC%2F11%2F1090%2F711.mvt in 343.458µs
2026/08/27 11:58:46 main.go:162: served 304 %2FMUC%2F11%2F1089%2F710.mvt in 118.209µs
2026/08/27 11:58:46 main.go:162: served 304 %2FMUC%2F11%2F1088%2F710.mvt in 578.5µs
2026/08/27 11:58:46 main.go:162: served 304 %2FMUC%2F11%2F1090%2F709.mvt in 719.375µs
2026/08/27 11:58:46 main.go:162: served 304 %2FMUC%2F11%2F1088%2F709.mvt in 1.076333ms
2026/08/27 11:58:46 main.go:162: served 304 %2FMUC%2F11%2F1088%2F711.mvt in 212.875µs
2026/08/27 11:58:46 main.go:162: served 304 %2FMUC%2F11%2F1091%2F709.mvt in 170.708µs
2026/08/27 11:58:46 main.go:162: served 304 %2FMUC%2F11%2F1091%2F710.mvt in 177.667µs
2026/08/27 11:58:46 main.go:162: served 200 %2FMUC%2F11%2F1087%2F709.mvt in 1.841542ms
2026/08/27 11:58:46 main.go:162: served 304 %2FMUC%2F12%2F2179%2F1421.mvt in 1.140958ms
2026/08/27 11:58:46 main.go:162: served 304 %2FMUC%2F12%2F2179%2F1420.mvt in 617.916µs
2026/08/27 11:58:46 main.go:162: served 304 %2FMUC%2F12%2F2180%2F1421.mvt in 257.417µs
2026/08/27 11:58:46 main.go:162: served 304 %2FMUC%2F12%2F2178%2F1421.mvt in 328.625µs
2026/08/27 11:58:46 main.go:162: served 304 %2FMUC%2F12%2F2180%2F1420.mvt in 170µs
2026/08/27 11:58:46 main.go:162: served 200 %2FMUC%2F12%2F2179%2F1419.mvt in 2.299292ms
2026/08/27 11:58:47 main.go:162: served 200 %2FMUC%2F12%2F2181%2F1419.mvt in 2.489833ms
2026/08/27 11:58:47 main.go:162: served 304 %2FMUC%2F12%2F2178%2F1420.mvt in 3.191708ms
2026/08/27 11:58:47 main.go:162: served 200 %2FMUC%2F12%2F2180%2F1419.mvt in 3.325416ms
2026/08/27 11:58:47 main.go:162: served 200 %2FMUC%2F12%2F2177%2F1419.mvt in 2.661041ms
2026/08/27 11:58:47 main.go:162: served 200 %2FMUC%2F12%2F2178%2F1419.mvt in 3.693209ms
2026/08/27 11:58:47 main.go:162: served 304 %2FMUC%2F12%2F2179%2F1422.mvt in 905.584µs
2026/08/27 11:58:47 main.go:162: served 304 %2FMUC%2F12%2F2180%2F1422.mvt in 1.157292ms
2026/08/27 11:58:47 main.go:162: served 304 %2FMUC%2F12%2F2178%2F1422.mvt in 2.191708ms
2026/08/27 11:58:47 main.go:162: served 304 %2FMUC%2F12%2F2181%2F1421.mvt in 188.625µs
2026/08/27 11:58:47 main.go:162: served 304 %2FMUC%2F12%2F2181%2F1420.mvt in 320.625µs
2026/08/27 11:58:47 main.go:162: served 304 %2FMUC%2F12%2F2177%2F1420.mvt in 2.709542ms
2026/08/27 11:58:48 main.go:162: served 200 %2FMUC%2F14%2F8716%2F5684.mvt in 2.502542ms
2026/08/27 11:58:48 main.go:162: served 304 %2FMUC%2F14%2F8720%2F5685.mvt in 1.756125ms
2026/08/27 11:58:48 main.go:162: served 200 %2FMUC%2F15%2F17437%2F11371.mvt in 2.533417ms
2026/08/27 11:58:48 main.go:162: served 200 %2FMUC%2F15%2F17435%2F11369.mvt in 2.489959ms
2026/08/27 11:58:48 main.go:162: served 200 %2FMUC%2F15%2F17438%2F11371.mvt in 2.940416ms
2026/08/27 11:58:48 main.go:162: served 200 %2FMUC%2F15%2F17436%2F11371.mvt in 3.06575ms
2026/08/27 11:58:48 main.go:162: served 304 %2FMUC%2F15%2F17436%2F11370.mvt in 154.833µs
2026/08/27 11:58:56 main.go:162: served 304 %2FMUC%2F15%2F17436%2F11370.mvt in 153.042µs
2026/08/27 11:58:56 main.go:162: served 304 %2FMUC%2F15%2F17438%2F11370.mvt in 1.322792ms
2026/08/27 11:58:56 main.go:162: served 304 %2FMUC%2F15%2F17437%2F11369.mvt in 1.950041ms
2026/08/27 11:58:56 main.go:162: served 304 %2FMUC%2F15%2F17437%2F11370.mvt in 1.374375ms
2026/08/27 11:59:04 main.go:162: served 304 %2FMUC%2F15%2F17436%2F11369.mvt in 967.5µs
2026/08/27 11:59:31 main.go:162: served 304 %2FMUC%2F15%2F17436%2F11368.mvt in 148.083µs
2026/08/27 11:59:31 main.go:162: served 304 %2FMUC%2F15%2F17437%2F11368.mvt in 429.084µs
2026/08/27 11:59:52 main.go:162: served 304 %2FMUC%2F15%2F17437%2F11369.mvt in 153.667µs
2026/08/27 11:59:52 main.go:162: served 304 %2FMUC%2F15%2F17437%2F11370.mvt in 176.458µs
2026/08/27 11:59:52 main.go:162: served 304 %2FMUC%2F15%2F17437%2F11370.mvt in 151.5µs
2026/08/27 11:59:53 main.go:162: served 304 %2FMUC%2F15%2F17437%2F11370.mvt in 145.833µs
2026/08/27 11:59:53 main.go:162: served 304 %2FMUC%2F15%2F17436%2F11370.mvt in 151.458µs
2026/08/27 12:00:00 main.go:162: served 304 %2FMUC%2F15%2F17437%2F11371.mvt in 158.333µs
2026/08/27 12:00:11 main.go:162: served 304 %2FMUC%2F15%2F17436%2F11370.mvt in 2.876292ms
2026/08/27 12:00:11 main.go:162: served 304 %2FMUC%2F15%2F17437%2F11370.mvt in 2.702709ms
2026/08/27 12:00:11 main.go:162: served 304 %2FMUC%2F15%2F17437%2F11371.mvt in 2.646583ms
2026/08/27 12:00:11 main.go:162: served 304 %2FMUC%2F15%2F17437%2F11369.mvt in 3.186792ms
2026/08/27 12:00:11 main.go:162: served 304 %2FMUC%2F15%2F17436%2F11369.mvt in 3.009ms
2026/08/27 12:00:11 main.go:162: served 304 %2FMUC%2F15%2F17437%2F11368.mvt in 2.943125ms
2026/08/27 12:00:11 main.go:162: served 304 %2FMUC%2F15%2F17438%2F11369.mvt in 272.792µs
2026/08/27 12:00:11 main.go:162: served 304 %2FMUC%2F15%2F17438%2F11370.mvt in 100.125µs
2026/08/27 12:00:11 main.go:162: served 304 %2FMUC%2F15%2F17436%2F11368.mvt in 119.375µs
2026/08/27 12:00:11 main.go:162: served 200 %2FMUC%2F15%2F17436%2F11367.mvt in 5.23475ms
2026/08/27 12:00:11 main.go:162: served 304 %2FMUC%2F15%2F17439%2F11370.mvt in 4.827667ms
2026/08/27 12:00:11 main.go:162: served 304 %2FMUC%2F15%2F17436%2F11371.mvt in 4.200209ms
2026/08/27 12:00:11 main.go:162: served 304 %2FMUC%2F15%2F17439%2F11369.mvt in 6.754625ms
2026/08/27 12:00:11 main.go:162: served 304 %2FMUC%2F15%2F17438%2F11368.mvt in 7.169ms
2026/08/27 12:00:11 main.go:162: served 200 %2FMUC%2F15%2F17435%2F11370.mvt in 7.701459ms
2026/08/27 12:00:11 main.go:162: served 304 %2FMUC%2F15%2F17438%2F11371.mvt in 1.097083ms
2026/08/27 12:00:11 main.go:162: served 304 %2FMUC%2F15%2F17435%2F11369.mvt in 1.119083ms
2026/08/27 12:00:11 main.go:162: served 200 %2FMUC%2F15%2F17437%2F11367.mvt in 254.709µs
2026/08/27 12:00:11 main.go:162: served 304 %2FMUC%2F15%2F17439%2F11368.mvt in 401.709µs
2026/08/27 12:00:11 main.go:162: served 200 %2FMUC%2F15%2F17440%2F11369.mvt in 486.583µs
2026/08/27 12:00:11 main.go:162: served 304 %2FMUC%2F15%2F17435%2F11368.mvt in 181.041µs
2026/08/27 12:00:11 main.go:162: served 304 %2FMUC%2F14%2F8718%2F5684.mvt in 468.042µs
2026/08/27 12:00:11 main.go:162: served 304 %2FMUC%2F14%2F8718%2F5685.mvt in 714.583µs
2026/08/27 12:00:11 main.go:162: served 304 %2FMUC%2F14%2F8719%2F5685.mvt in 845.625µs
2026/08/27 12:00:11 main.go:162: served 304 %2FMUC%2F14%2F8719%2F5684.mvt in 1.061333ms
2026/08/27 12:00:11 main.go:162: served 304 %2FMUC%2F14%2F8717%2F5685.mvt in 811.542µs
2026/08/27 12:00:11 main.go:162: served 304 %2FMUC%2F14%2F8718%2F5683.mvt in 591.333µs
2026/08/27 12:00:11 main.go:162: served 304 %2FMUC%2F14%2F8717%2F5684.mvt in 831.791µs
2026/08/27 12:00:11 main.go:162: served 304 %2FMUC%2F14%2F8720%2F5684.mvt in 338.125µs
2026/08/27 12:00:11 main.go:162: served 304 %2FMUC%2F14%2F8719%2F5683.mvt in 255.25µs
2026/08/27 12:00:11 main.go:162: served 304 %2FMUC%2F14%2F8717%2F5683.mvt in 925.584µs
2026/08/27 12:00:11 main.go:162: served 200 %2FMUC%2F14%2F8718%2F5686.mvt in 444.083µs
2026/08/27 12:00:11 main.go:162: served 304 %2FMUC%2F14%2F8720%2F5685.mvt in 543.292µs
2026/08/27 12:00:11 main.go:162: served 200 %2FMUC%2F14%2F8717%2F5682.mvt in 464.625µs
2026/08/27 12:00:11 main.go:162: served 200 %2FMUC%2F14%2F8719%2F5686.mvt in 472.792µs
2026/08/27 12:00:11 main.go:162: served 304 %2FMUC%2F14%2F8720%2F5683.mvt in 514.5µs
2026/08/27 12:00:11 main.go:162: served 200 %2FMUC%2F14%2F8718%2F5682.mvt in 1.6025ms
2026/08/27 12:00:11 main.go:162: served 200 %2FMUC%2F14%2F8721%2F5683.mvt in 2.607292ms
2026/08/27 12:00:11 main.go:162: served 200 %2FMUC%2F14%2F8719%2F5682.mvt in 2.51175ms
2026/08/27 12:00:11 main.go:162: served 200 %2FMUC%2F14%2F8721%2F5684.mvt in 4.541625ms
2026/08/27 12:00:11 main.go:162: served 304 %2FMUC%2F13%2F4359%2F2842.mvt in 813.833µs
2026/08/27 12:00:11 main.go:162: served 304 %2FMUC%2F13%2F4358%2F2842.mvt in 632.25µs
2026/08/27 12:00:11 main.go:162: served 304 %2FMUC%2F13%2F4359%2F2843.mvt in 986.125µs
2026/08/27 12:00:11 main.go:162: served 304 %2FMUC%2F13%2F4359%2F2841.mvt in 2.883ms
2026/08/27 12:00:11 main.go:162: served 304 %2FMUC%2F13%2F4358%2F2841.mvt in 4.703625ms
2026/08/27 12:00:11 main.go:162: served 200 %2FMUC%2F13%2F4358%2F2840.mvt in 4.665667ms
2026/08/27 12:00:11 main.go:162: served 304 %2FMUC%2F13%2F4360%2F2841.mvt in 1.757875ms
2026/08/27 12:00:11 main.go:162: served 304 %2FMUC%2F13%2F4360%2F2842.mvt in 5.040625ms
2026/08/27 12:00:12 main.go:162: served 304 %2FMUC%2F13%2F4358%2F2843.mvt in 882.667µs
2026/08/27 12:00:12 main.go:162: served 304 %2FMUC%2F13%2F4361%2F2841.mvt in 657.167µs
2026/08/27 12:00:12 main.go:162: served 200 %2FMUC%2F13%2F4359%2F2840.mvt in 2.1525ms
2026/08/27 12:00:12 main.go:162: served 200 %2FMUC%2F13%2F4361%2F2842.mvt in 2.405167ms
2026/08/27 12:00:12 main.go:162: served 304 %2FMUC%2F13%2F4360%2F2843.mvt in 5.293542ms
2026/08/27 12:00:12 main.go:162: served 200 %2FMUC%2F13%2F4360%2F2840.mvt in 769.25µs
2026/08/27 12:00:12 main.go:162: served 200 %2FMUC%2F13%2F4362%2F2841.mvt in 1.60075ms
2026/08/27 12:00:12 main.go:162: served 200 %2FMUC%2F13%2F4358%2F2839.mvt in 1.60175ms
2026/08/27 12:00:12 main.go:162: served 200 %2FMUC%2F13%2F4359%2F2839.mvt in 900.167µs
2026/08/27 12:00:12 main.go:162: served 200 %2FMUC%2F13%2F4361%2F2840.mvt in 916.5µs
2026/08/27 12:00:12 main.go:162: served 304 %2FMUC%2F12%2F2179%2F1419.mvt in 4.535292ms
2026/08/27 12:00:12 main.go:162: served 304 %2FMUC%2F12%2F2179%2F1420.mvt in 4.957459ms
2026/08/27 12:00:12 main.go:162: served 304 %2FMUC%2F12%2F2180%2F1421.mvt in 5.021875ms
2026/08/27 12:00:12 main.go:162: served 304 %2FMUC%2F12%2F2179%2F1421.mvt in 5.437ms
2026/08/27 12:00:12 main.go:162: served 304 %2FMUC%2F12%2F2180%2F1420.mvt in 4.967625ms
2026/08/27 12:00:12 main.go:162: served 304 %2FMUC%2F12%2F2178%2F1421.mvt in 5.361ms
2026/08/27 12:00:12 main.go:162: served 304 %2FMUC%2F12%2F2181%2F1420.mvt in 3.513167ms
2026/08/27 12:00:12 main.go:162: served 304 %2FMUC%2F12%2F2181%2F1421.mvt in 3.860833ms
2026/08/27 12:00:12 main.go:162: served 304 %2FMUC%2F12%2F2180%2F1419.mvt in 2.6145ms
2026/08/27 12:00:12 main.go:162: served 304 %2FMUC%2F12%2F2178%2F1420.mvt in 3.770958ms
2026/08/27 12:00:12 main.go:162: served 304 %2FMUC%2F12%2F2180%2F1422.mvt in 4.019666ms
2026/08/27 12:00:12 main.go:162: served 304 %2FMUC%2F12%2F2178%2F1419.mvt in 2.928833ms
2026/08/27 12:00:12 main.go:162: served 304 %2FMUC%2F12%2F2179%2F1422.mvt in 3.273792ms
2026/08/27 12:00:12 main.go:162: served 200 %2FMUC%2F12%2F2182%2F1420.mvt in 624.708µs
2026/08/27 12:00:12 main.go:162: served 200 %2FMUC%2F12%2F2178%2F1418.mvt in 498µs
2026/08/27 12:00:13 main.go:162: served 200 %2FMUC%2F12%2F2179%2F1418.mvt in 2.150084ms
2026/08/27 12:00:13 main.go:162: served 304 %2FMUC%2F12%2F2181%2F1419.mvt in 1.632709ms
2026/08/27 12:00:15 main.go:162: served 304 %2FMUC%2F12%2F2178%2F1422.mvt in 2.334542ms
2026/08/27 12:00:15 main.go:162: served 304 %2FMUC%2F12%2F2181%2F1422.mvt in 1.910542ms
2026/08/27 12:00:15 main.go:162: served 304 %2FMUC%2F11%2F1089%2F710.mvt in 751µs
2026/08/27 12:00:15 main.go:162: served 304 %2FMUC%2F11%2F1089%2F711.mvt in 731.75µs
2026/08/27 12:00:15 main.go:162: served 304 %2FMUC%2F11%2F1090%2F711.mvt in 1.608334ms
2026/08/27 12:00:15 main.go:162: served 304 %2FMUC%2F11%2F1090%2F710.mvt in 1.77125ms
2026/08/27 12:00:15 main.go:162: served 304 %2FMUC%2F11%2F1089%2F709.mvt in 469.125µs
2026/08/27 12:00:15 main.go:162: served 304 %2FMUC%2F11%2F1090%2F709.mvt in 408.542µs
2026/08/27 12:00:15 main.go:162: served 304 %2FMUC%2F11%2F1088%2F710.mvt in 334.75µs
2026/08/27 12:00:15 main.go:162: served 304 %2FMUC%2F11%2F1088%2F709.mvt in 503.833µs
2026/08/27 12:00:16 main.go:162: served 304 %2FMUC%2F11%2F1088%2F711.mvt in 533µs
2026/08/27 12:00:16 main.go:162: served 304 %2FMUC%2F11%2F1091%2F709.mvt in 289.459µs
2026/08/27 12:00:16 main.go:162: served 304 %2FMUC%2F11%2F1091%2F710.mvt in 320.542µs
2026/08/27 12:00:16 main.go:162: served 304 %2FMUC%2F11%2F1091%2F711.mvt in 352.791µs
2026/08/27 12:03:05 main.go:162: served 304 %2FMUC%2F10%2F545%2F354.mvt in 4.347042ms
2026/08/27 12:03:05 main.go:162: served 304 %2FMUC%2F10%2F544%2F355.mvt in 4.388791ms
2026/08/27 12:03:05 main.go:162: served 304 %2FMUC%2F10%2F545%2F355.mvt in 4.563083ms
2026/08/27 12:03:05 main.go:162: served 304 %2FMUC%2F10%2F544%2F354.mvt in 4.579791ms
2026/08/27 12:03:06 main.go:162: served 304 %2FMUC%2F10%2F543%2F354.mvt in 1.81075ms
2026/08/27 12:03:06 main.go:162: served 304 %2FMUC%2F10%2F543%2F355.mvt in 1.05325ms
2026/08/27 12:03:07 main.go:162: served 304 %2FMUC%2F10%2F546%2F354.mvt in 1.132916ms
2026/08/27 12:03:07 main.go:162: served 304 %2FMUC%2F10%2F546%2F355.mvt in 283.917µs
2026/08/27 12:03:07 main.go:162: served 304 %2FMUC%2F10%2F546%2F356.mvt in 1.196542ms
2026/08/27 12:03:07 main.go:162: served 304 %2FMUC%2F10%2F545%2F356.mvt in 1.620584ms
2026/08/27 12:03:07 main.go:162: served 304 %2FMUC%2F10%2F544%2F356.mvt in 1.806875ms
2026/08/27 12:03:07 main.go:162: served 304 %2FMUC%2F10%2F543%2F356.mvt in 1.993291ms
2026/08/27 12:03:09 main.go:162: served 304 %2FMUC%2F12%2F2178%2F1422.mvt in 2.723875ms
2026/08/27 12:03:10 main.go:162: served 304 %2FMUC%2F13%2F4357%2F2843.mvt in 2.336083ms
2026/08/27 12:03:10 main.go:162: served 304 %2FMUC%2F13%2F4357%2F2844.mvt in 2.553291ms
2026/08/27 12:03:10 main.go:162: served 304 %2FMUC%2F13%2F4357%2F2842.mvt in 2.3455ms
2026/08/27 12:03:10 main.go:162: served 304 %2FMUC%2F13%2F4360%2F2844.mvt in 3.0445ms
2026/08/27 12:03:10 main.go:162: served 304 %2FMUC%2F13%2F4359%2F2844.mvt in 3.290958ms
2026/08/27 12:03:10 main.go:162: served 304 %2FMUC%2F13%2F4358%2F2844.mvt in 3.519084ms
2026/08/27 12:03:17 main.go:162: served 304 %2FMUC%2F12%2F2177%2F1421.mvt in 2.209875ms
2026/08/27 12:03:17 main.go:162: served 304 %2FMUC%2F12%2F2177%2F1422.mvt in 2.3165ms
2026/08/27 12:03:17 main.go:162: served 304 %2FMUC%2F12%2F2177%2F1420.mvt in 2.60975ms
2026/08/27 12:03:21 main.go:162: served 304 %2FMUC%2F13%2F4357%2F2843.mvt in 606µs
2026/08/27 12:03:21 main.go:162: served 304 %2FMUC%2F13%2F4357%2F2842.mvt in 651.209µs
2026/08/27 12:03:22 main.go:162: served 304 %2FMUC%2F13%2F4360%2F2843.mvt in 2.446416ms
2026/08/27 12:03:22 main.go:162: served 304 %2FMUC%2F13%2F4360%2F2842.mvt in 2.462834ms
2026/08/27 12:03:22 main.go:162: served 304 %2FMUC%2F12%2F2180%2F1421.mvt in 4.112333ms
2026/08/27 12:03:22 main.go:162: served 304 %2FMUC%2F12%2F2179%2F1421.mvt in 10.260125ms
2026/08/27 12:03:22 main.go:162: served 304 %2FMUC%2F12%2F2178%2F1421.mvt in 11.291833ms
2026/08/27 12:03:22 main.go:162: served 304 %2FMUC%2F10%2F545%2F354.mvt in 9.3185ms
2026/08/27 12:03:22 main.go:162: served 304 %2FMUC%2F10%2F544%2F355.mvt in 1.155084ms
2026/08/27 12:03:22 main.go:162: served 304 %2FMUC%2F10%2F545%2F355.mvt in 1.420375ms
2026/08/27 12:03:22 main.go:162: served 304 %2FMUC%2F10%2F543%2F354.mvt in 1.750709ms
2026/08/27 12:03:22 main.go:162: served 304 %2FMUC%2F10%2F544%2F354.mvt in 3.201791ms
2026/08/27 12:03:22 main.go:162: served 304 %2FMUC%2F10%2F543%2F355.mvt in 1.352917ms
2026/08/27 12:03:22 main.go:162: served 304 %2FMUC%2F10%2F546%2F354.mvt in 103.708µs
2026/08/27 12:03:22 main.go:162: served 304 %2FMUC%2F10%2F546%2F355.mvt in 2.755041ms
2026/08/27 12:03:22 main.go:162: served 304 %2FMUC%2F10%2F544%2F356.mvt in 248.75µs
2026/08/27 12:03:22 main.go:162: served 304 %2FMUC%2F10%2F545%2F356.mvt in 501µs
2026/08/27 12:03:22 main.go:162: served 304 %2FMUC%2F10%2F546%2F356.mvt in 642.666µs
2026/08/27 12:03:22 main.go:162: served 304 %2FMUC%2F10%2F543%2F356.mvt in 211.208µs
./run_mac-linux.sh: line 23: 91287 Terminated: 15          "$SCRIPT_DIR/pmtiles" serve "$SCRIPT_DIR" --port 8082 --cors=*
