[Ruhrgebiet Mod] Copying data files to cities/data/RHR...
[Ruhrgebiet Mod] Data files copied successfully.
[Ruhrgebiet Mod] Starting tile server on port 8094...
2026/08/27 17:18:12 main.go:165: Serving  /Users/lenny/subway-builder-maps/game-mods/Ruhrgebiet on port 8094 and interface 0.0.0.0 with Access-Control-Allow-Origin: *
2026/08/27 17:18:14 server.go:156: fetching RHR 0-16384
2026/08/27 17:18:14 server.go:200: fetched RHR 0-16384
2026/08/27 17:18:14 server.go:156: fetching RHR 127-62
2026/08/27 17:18:14 server.go:200: fetched RHR 127-62
2026/08/27 17:18:14 server.go:156: fetching RHR 4034-9888
2026/08/27 17:18:14 server.go:200: fetched RHR 4034-9888
2026/08/27 17:18:14 main.go:162: served 200 %2FRHR%2F0%2F0%2F0.mvt in 1.346708ms
2026/08/27 19:14:18 main.go:162: served 304 %2FRHR%2F10%2F532%2F340.mvt in 12.781917ms
2026/08/27 19:14:18 main.go:162: served 200 %2FRHR%2F10%2F533%2F340.mvt in 14.808084ms
2026/08/27 19:14:18 main.go:162: served 200 %2FRHR%2F10%2F532%2F339.mvt in 15.025667ms
2026/08/27 19:14:18 main.go:162: served 304 %2FRHR%2F10%2F531%2F340.mvt in 16.219667ms
2026/08/27 19:14:18 main.go:162: served 304 %2FRHR%2F10%2F532%2F341.mvt in 24.381958ms
2026/08/27 19:14:18 main.go:162: served 304 %2FRHR%2F10%2F531%2F341.mvt in 24.686792ms
2026/08/27 19:14:18 main.go:162: served 200 %2FRHR%2F10%2F531%2F339.mvt in 372.208µs
2026/08/27 19:14:18 main.go:162: served 304 %2FRHR%2F10%2F530%2F340.mvt in 4.591125ms
2026/08/27 19:14:18 main.go:162: served 200 %2FRHR%2F10%2F530%2F339.mvt in 4.139834ms
2026/08/27 19:14:18 main.go:162: served 200 %2FRHR%2F10%2F533%2F341.mvt in 4.83125ms
2026/08/27 19:14:18 main.go:162: served 304 %2FRHR%2F10%2F530%2F341.mvt in 4.669375ms
2026/08/27 19:14:18 main.go:162: served 200 %2FRHR%2F10%2F533%2F339.mvt in 4.428167ms
2026/08/27 19:14:25 main.go:162: served 304 %2FRHR%2F10%2F530%2F342.mvt in 1.480458ms
2026/08/27 19:14:25 main.go:162: served 304 %2FRHR%2F10%2F531%2F342.mvt in 1.481167ms
2026/08/27 19:14:25 main.go:162: served 200 %2FRHR%2F10%2F533%2F342.mvt in 1.696292ms
2026/08/27 19:14:25 main.go:162: served 304 %2FRHR%2F10%2F532%2F342.mvt in 1.763083ms
2026/08/27 19:14:25 main.go:162: served 204 %2FRHR%2F10%2F529%2F342.mvt in 40.5µs
2026/08/27 19:14:25 main.go:162: served 204 %2FRHR%2F10%2F529%2F340.mvt in 14.917µs
2026/08/27 19:14:25 main.go:162: served 204 %2FRHR%2F10%2F529%2F341.mvt in 16.458µs
2026/08/27 19:14:26 main.go:162: served 204 %2FRHR%2F10%2F530%2F343.mvt in 16.333µs
2026/08/27 19:14:26 main.go:162: served 204 %2FRHR%2F10%2F531%2F343.mvt in 59.709µs
2026/08/27 19:14:26 main.go:162: served 204 %2FRHR%2F10%2F532%2F343.mvt in 16.167µs
2026/08/27 19:14:26 main.go:162: served 204 %2FRHR%2F10%2F529%2F343.mvt in 8.792µs
2026/08/27 19:14:27 main.go:162: served 304 %2FRHR%2F11%2F1061%2F683.mvt in 1.071959ms
2026/08/27 19:14:27 main.go:162: served 304 %2FRHR%2F11%2F1061%2F684.mvt in 1.011875ms
2026/08/27 19:14:27 main.go:162: served 304 %2FRHR%2F11%2F1062%2F683.mvt in 1.383875ms
2026/08/27 19:14:27 main.go:162: served 304 %2FRHR%2F11%2F1062%2F684.mvt in 1.318417ms
2026/08/27 19:14:27 main.go:162: served 304 %2FRHR%2F11%2F1063%2F683.mvt in 1.354917ms
2026/08/27 19:14:27 main.go:162: served 304 %2FRHR%2F11%2F1063%2F684.mvt in 1.463ms
2026/08/27 19:14:33 main.go:162: served 304 %2FRHR%2F12%2F2124%2F1367.mvt in 2.901708ms
2026/08/27 19:14:33 main.go:162: served 304 %2FRHR%2F12%2F2125%2F1368.mvt in 2.1785ms
2026/08/27 19:14:33 main.go:162: served 304 %2FRHR%2F12%2F2124%2F1366.mvt in 5.377583ms
2026/08/27 19:14:33 main.go:162: served 304 %2FRHR%2F12%2F2124%2F1368.mvt in 5.591416ms
2026/08/27 19:14:33 main.go:162: served 304 %2FRHR%2F12%2F2125%2F1366.mvt in 5.55425ms
2026/08/27 19:14:33 main.go:162: served 304 %2FRHR%2F12%2F2125%2F1367.mvt in 6.401833ms
2026/08/27 19:14:33 main.go:162: served 304 %2FRHR%2F12%2F2123%2F1366.mvt in 7.51875ms
2026/08/27 19:14:33 main.go:162: served 304 %2FRHR%2F12%2F2123%2F1367.mvt in 11.413333ms
2026/08/27 19:14:33 main.go:162: served 304 %2FRHR%2F12%2F2126%2F1367.mvt in 10.414625ms
2026/08/27 19:14:33 main.go:162: served 304 %2FRHR%2F12%2F2126%2F1366.mvt in 8.047666ms
2026/08/27 19:14:33 main.go:162: served 304 %2FRHR%2F12%2F2123%2F1368.mvt in 8.913209ms
2026/08/27 19:14:33 main.go:162: served 304 %2FRHR%2F12%2F2126%2F1368.mvt in 8.692541ms
2026/08/27 19:14:35 main.go:162: served 304 %2FRHR%2F13%2F4249%2F2735.mvt in 15.550292ms
2026/08/27 19:14:35 main.go:162: served 304 %2FRHR%2F13%2F4250%2F2735.mvt in 38.112791ms
2026/08/27 19:14:35 main.go:162: served 304 %2FRHR%2F13%2F4249%2F2734.mvt in 38.019208ms
2026/08/27 19:14:35 main.go:162: served 304 %2FRHR%2F13%2F4250%2F2734.mvt in 38.150125ms
2026/08/27 19:14:35 main.go:162: served 304 %2FRHR%2F13%2F4251%2F2735.mvt in 2.917125ms
2026/08/27 19:14:35 main.go:162: served 304 %2FRHR%2F13%2F4251%2F2734.mvt in 7.415791ms
2026/08/27 19:14:35 main.go:162: served 200 %2FRHR%2F13%2F4248%2F2735.mvt in 3.279958ms
2026/08/27 19:14:35 main.go:162: served 200 %2FRHR%2F13%2F4248%2F2734.mvt in 3.105375ms
2026/08/27 19:14:35 main.go:162: served 304 %2FRHR%2F10%2F531%2F342.mvt in 2.464417ms
2026/08/27 19:14:35 main.go:162: served 304 %2FRHR%2F10%2F530%2F342.mvt in 1.908916ms
2026/08/27 19:14:35 main.go:162: served 304 %2FRHR%2F10%2F532%2F342.mvt in 2.297583ms
2026/08/27 19:14:35 main.go:162: served 304 %2FRHR%2F10%2F532%2F341.mvt in 2.65625ms
2026/08/27 19:14:35 main.go:162: served 304 %2FRHR%2F10%2F531%2F341.mvt in 2.960041ms
2026/08/27 19:14:35 main.go:162: served 304 %2FRHR%2F10%2F530%2F341.mvt in 3.116417ms
2026/08/27 19:14:35 main.go:162: served 204 %2FRHR%2F10%2F529%2F341.mvt in 31.75µs
2026/08/27 19:14:35 main.go:162: served 204 %2FRHR%2F10%2F529%2F342.mvt in 41.417µs
2026/08/27 19:14:37 main.go:162: served 204 %2FRHR%2F10%2F529%2F340.mvt in 33.167µs
2026/08/27 19:14:37 main.go:162: served 304 %2FRHR%2F10%2F531%2F340.mvt in 650.75µs
2026/08/27 19:14:37 main.go:162: served 304 %2FRHR%2F10%2F530%2F340.mvt in 584.792µs
2026/08/27 19:14:37 main.go:162: served 304 %2FRHR%2F10%2F532%2F340.mvt in 1.393917ms
2026/08/27 19:14:37 main.go:162: served 304 %2FRHR%2F10%2F533%2F342.mvt in 1.440417ms
2026/08/27 19:14:37 main.go:162: served 304 %2FRHR%2F10%2F533%2F341.mvt in 1.579708ms
2026/08/27 19:14:37 main.go:162: served 304 %2FRHR%2F10%2F533%2F340.mvt in 1.44025ms
2026/08/27 19:14:38 main.go:162: served 304 %2FRHR%2F10%2F530%2F339.mvt in 1.299292ms
2026/08/27 19:14:38 main.go:162: served 304 %2FRHR%2F10%2F533%2F339.mvt in 1.306666ms
2026/08/27 19:14:38 main.go:162: served 304 %2FRHR%2F10%2F531%2F339.mvt in 1.546708ms
2026/08/27 19:14:38 main.go:162: served 304 %2FRHR%2F10%2F532%2F339.mvt in 1.604666ms
2026/08/27 19:15:07 main.go:162: served 200 %2FRHR%2F11%2F1063%2F681.mvt in 3.866791ms
2026/08/27 19:15:07 main.go:162: served 200 %2FRHR%2F11%2F1065%2F681.mvt in 2.457083ms
2026/08/27 19:15:07 main.go:162: served 200 %2FRHR%2F11%2F1064%2F680.mvt in 3.461375ms
2026/08/27 19:15:07 main.go:162: served 200 %2FRHR%2F11%2F1064%2F681.mvt in 4.427542ms
2026/08/27 19:15:07 main.go:162: served 200 %2FRHR%2F11%2F1063%2F680.mvt in 3.808625ms
2026/08/27 19:15:07 main.go:162: served 200 %2FRHR%2F11%2F1062%2F681.mvt in 2.89125ms
2026/08/27 19:15:07 main.go:162: served 200 %2FRHR%2F11%2F1062%2F680.mvt in 517.541µs
2026/08/27 19:15:07 main.go:162: served 200 %2FRHR%2F11%2F1065%2F682.mvt in 328.042µs
2026/08/27 19:15:07 main.go:162: served 200 %2FRHR%2F11%2F1065%2F680.mvt in 252.125µs
2026/08/27 19:15:07 main.go:162: served 304 %2FRHR%2F11%2F1063%2F682.mvt in 212.542µs
2026/08/27 19:15:07 main.go:162: served 304 %2FRHR%2F11%2F1064%2F682.mvt in 328.583µs
2026/08/27 19:15:07 main.go:162: served 304 %2FRHR%2F11%2F1062%2F682.mvt in 61.833µs
2026/08/27 19:15:08 main.go:162: served 200 %2FRHR%2F12%2F2127%2F1363.mvt in 4.75275ms
2026/08/27 19:15:08 main.go:162: served 200 %2FRHR%2F12%2F2127%2F1364.mvt in 3.023834ms
2026/08/27 19:15:08 main.go:162: served 200 %2FRHR%2F12%2F2126%2F1364.mvt in 3.494ms
2026/08/27 19:15:08 main.go:162: served 200 %2FRHR%2F12%2F2126%2F1363.mvt in 5.522167ms
2026/08/27 19:15:08 main.go:162: served 200 %2FRHR%2F12%2F2127%2F1362.mvt in 4.611458ms
2026/08/27 19:15:08 main.go:162: served 200 %2FRHR%2F12%2F2126%2F1362.mvt in 5.560042ms
2026/08/27 19:15:08 main.go:162: served 200 %2FRHR%2F12%2F2125%2F1363.mvt in 1.552875ms
2026/08/27 19:15:08 main.go:162: served 200 %2FRHR%2F12%2F2128%2F1363.mvt in 2.065333ms
2026/08/27 19:15:08 main.go:162: served 200 %2FRHR%2F12%2F2125%2F1362.mvt in 1.538417ms
2026/08/27 19:15:08 main.go:162: served 200 %2FRHR%2F12%2F2128%2F1362.mvt in 830.167µs
2026/08/27 19:15:08 main.go:162: served 200 %2FRHR%2F12%2F2125%2F1364.mvt in 982µs
2026/08/27 19:15:08 main.go:162: served 200 %2FRHR%2F12%2F2128%2F1364.mvt in 455.125µs
2026/08/27 19:15:09 main.go:162: served 200 %2FRHR%2F13%2F4253%2F2727.mvt in 2.877833ms
2026/08/27 19:15:09 main.go:162: served 200 %2FRHR%2F13%2F4254%2F2727.mvt in 2.709916ms
2026/08/27 19:15:09 main.go:162: served 200 %2FRHR%2F13%2F4254%2F2726.mvt in 3.475542ms
2026/08/27 19:15:09 main.go:162: served 200 %2FRHR%2F13%2F4252%2F2727.mvt in 3.785958ms
2026/08/27 19:15:09 main.go:162: served 200 %2FRHR%2F13%2F4253%2F2726.mvt in 4.001167ms
2026/08/27 19:15:09 main.go:162: served 200 %2FRHR%2F13%2F4252%2F2726.mvt in 3.82725ms
2026/08/27 19:15:10 server.go:156: fetching RHR 13922-8717
2026/08/27 19:15:10 server.go:200: fetched RHR 13922-8717
2026/08/27 19:15:10 main.go:162: served 200 %2FRHR%2F14%2F8506%2F5453.mvt in 2.342208ms
2026/08/27 19:15:10 main.go:162: served 200 %2FRHR%2F14%2F8505%2F5454.mvt in 2.62725ms
2026/08/27 19:15:10 main.go:162: served 200 %2FRHR%2F14%2F8506%2F5454.mvt in 2.875792ms
2026/08/27 19:15:10 main.go:162: served 200 %2FRHR%2F14%2F8505%2F5453.mvt in 3.130667ms
2026/08/27 19:15:10 main.go:162: served 200 %2FRHR%2F14%2F8504%2F5453.mvt in 3.9595ms
2026/08/27 19:15:10 main.go:162: served 200 %2FRHR%2F14%2F8504%2F5454.mvt in 4.565042ms
2026/08/27 19:15:11 server.go:156: fetching RHR 38918-8098
2026/08/27 19:15:11 server.go:200: fetched RHR 38918-8098
2026/08/27 19:15:11 main.go:162: served 200 %2FRHR%2F15%2F17009%2F10907.mvt in 901.625µs
2026/08/27 19:15:11 main.go:162: served 200 %2FRHR%2F15%2F17011%2F10907.mvt in 1.521583ms
2026/08/27 19:15:11 main.go:162: served 200 %2FRHR%2F15%2F17011%2F10908.mvt in 1.770666ms
2026/08/27 19:15:11 main.go:162: served 200 %2FRHR%2F15%2F17010%2F10907.mvt in 2.340125ms
2026/08/27 19:15:11 main.go:162: served 200 %2FRHR%2F15%2F17010%2F10908.mvt in 2.4315ms
2026/08/27 19:15:11 main.go:162: served 200 %2FRHR%2F15%2F17009%2F10908.mvt in 1.663167ms
2026/08/27 19:15:11 main.go:162: served 200 %2FRHR%2F15%2F17012%2F10908.mvt in 312.083µs
2026/08/27 19:15:11 main.go:162: served 200 %2FRHR%2F15%2F17012%2F10907.mvt in 173.75µs
2026/08/27 19:15:12 main.go:162: served 304 %2FRHR%2F15%2F17012%2F10907.mvt in 142.375µs
2026/08/27 19:15:13 main.go:162: served 200 %2FRHR%2F14%2F8507%2F5454.mvt in 985.459µs
2026/08/27 19:15:13 main.go:162: served 200 %2FRHR%2F14%2F8507%2F5453.mvt in 1.340834ms
2026/08/27 19:15:13 main.go:162: served 200 %2FRHR%2F13%2F4251%2F2726.mvt in 1.104833ms
2026/08/27 19:15:13 main.go:162: served 200 %2FRHR%2F13%2F4251%2F2727.mvt in 1.144917ms
2026/08/27 19:15:13 main.go:162: served 304 %2FRHR%2F12%2F2126%2F1363.mvt in 1.84625ms
2026/08/27 19:15:13 main.go:162: served 304 %2FRHR%2F12%2F2125%2F1363.mvt in 1.496792ms
2026/08/27 19:15:13 main.go:162: served 304 %2FRHR%2F12%2F2127%2F1363.mvt in 2.126083ms
2026/08/27 19:15:13 main.go:162: served 304 %2FRHR%2F12%2F2126%2F1364.mvt in 545.916µs
2026/08/27 19:15:13 main.go:162: served 304 %2FRHR%2F12%2F2127%2F1364.mvt in 1.554375ms
2026/08/27 19:15:13 main.go:162: served 304 %2FRHR%2F12%2F2126%2F1362.mvt in 1.816334ms
2026/08/27 19:15:13 main.go:162: served 304 %2FRHR%2F12%2F2127%2F1362.mvt in 366.708µs
2026/08/27 19:15:13 main.go:162: served 304 %2FRHR%2F12%2F2125%2F1364.mvt in 163.958µs
2026/08/27 19:15:13 main.go:162: served 304 %2FRHR%2F12%2F2125%2F1362.mvt in 625.542µs
2026/08/27 19:15:15 main.go:162: served 304 %2FRHR%2F10%2F530%2F342.mvt in 93.208µs
2026/08/27 19:15:15 main.go:162: served 304 %2FRHR%2F10%2F532%2F342.mvt in 189.25µs
2026/08/27 19:15:15 main.go:162: served 304 %2FRHR%2F10%2F531%2F342.mvt in 303.334µs
2026/08/27 19:15:15 main.go:162: served 304 %2FRHR%2F10%2F533%2F342.mvt in 268.375µs
2026/08/27 19:15:15 main.go:162: served 204 %2FRHR%2F10%2F529%2F340.mvt in 12.917µs
2026/08/27 19:15:15 main.go:162: served 204 %2FRHR%2F10%2F529%2F341.mvt in 7.625µs
2026/08/27 19:15:15 main.go:162: served 204 %2FRHR%2F10%2F529%2F342.mvt in 42.084µs
2026/08/27 19:15:16 main.go:162: served 304 %2FRHR%2F11%2F1062%2F683.mvt in 2.132208ms
2026/08/27 19:15:16 main.go:162: served 304 %2FRHR%2F11%2F1061%2F683.mvt in 2.168292ms
2026/08/27 19:15:16 main.go:162: served 304 %2FRHR%2F11%2F1061%2F682.mvt in 1.845708ms
2026/08/27 19:15:16 main.go:162: served 304 %2FRHR%2F11%2F1063%2F683.mvt in 2.25925ms
2026/08/27 19:15:17 main.go:162: served 200 %2FRHR%2F12%2F2124%2F1365.mvt in 1.583834ms
2026/08/27 19:15:17 main.go:162: served 200 %2FRHR%2F12%2F2125%2F1365.mvt in 1.530958ms
2026/08/27 19:15:17 main.go:162: served 200 %2FRHR%2F12%2F2124%2F1364.mvt in 2.242625ms
2026/08/27 19:15:17 main.go:162: served 304 %2FRHR%2F12%2F2124%2F1366.mvt in 2.285083ms
2026/08/27 19:15:17 main.go:162: served 200 %2FRHR%2F12%2F2123%2F1365.mvt in 1.993917ms
2026/08/27 19:15:17 main.go:162: served 200 %2FRHR%2F12%2F2123%2F1364.mvt in 1.563667ms
2026/08/27 19:15:17 main.go:162: served 200 %2FRHR%2F12%2F2126%2F1365.mvt in 641µs
2026/08/27 19:15:17 main.go:162: served 304 %2FRHR%2F12%2F2125%2F1366.mvt in 620.875µs
2026/08/27 19:15:17 main.go:162: served 304 %2FRHR%2F12%2F2125%2F1364.mvt in 233.041µs
2026/08/27 19:15:17 main.go:162: served 304 %2FRHR%2F12%2F2126%2F1366.mvt in 417.917µs
2026/08/27 19:15:17 main.go:162: served 304 %2FRHR%2F12%2F2123%2F1366.mvt in 501.083µs
2026/08/27 19:15:17 main.go:162: served 304 %2FRHR%2F12%2F2126%2F1364.mvt in 663.708µs
2026/08/27 19:15:18 main.go:162: served 200 %2FRHR%2F13%2F4250%2F2731.mvt in 520.166µs
2026/08/27 19:15:18 main.go:162: served 200 %2FRHR%2F13%2F4250%2F2730.mvt in 9.420583ms
2026/08/27 19:15:18 main.go:162: served 200 %2FRHR%2F13%2F4249%2F2730.mvt in 2.157833ms
2026/08/27 19:15:18 main.go:162: served 200 %2FRHR%2F13%2F4249%2F2731.mvt in 2.357166ms
2026/08/27 19:15:18 main.go:162: served 200 %2FRHR%2F13%2F4248%2F2731.mvt in 2.673166ms
2026/08/27 19:15:18 main.go:162: served 200 %2FRHR%2F13%2F4248%2F2730.mvt in 2.7855ms
2026/08/27 19:15:21 main.go:162: served 200 %2FRHR%2F13%2F4247%2F2730.mvt in 1.1115ms
2026/08/27 19:15:21 main.go:162: served 200 %2FRHR%2F13%2F4247%2F2731.mvt in 1.277333ms
2026/08/27 19:15:21 main.go:162: served 304 %2FRHR%2F12%2F2124%2F1365.mvt in 182.125µs
2026/08/27 19:15:21 main.go:162: served 304 %2FRHR%2F12%2F2125%2F1365.mvt in 1.137625ms
2026/08/27 19:15:21 main.go:162: served 304 %2FRHR%2F12%2F2123%2F1365.mvt in 860.25µs
2026/08/27 19:15:21 main.go:162: served 304 %2FRHR%2F12%2F2124%2F1366.mvt in 1.208875ms
2026/08/27 19:15:21 main.go:162: served 304 %2FRHR%2F12%2F2125%2F1366.mvt in 988.417µs
2026/08/27 19:15:21 main.go:162: served 304 %2FRHR%2F12%2F2123%2F1366.mvt in 181.375µs
2026/08/27 19:15:21 main.go:162: served 204 %2FRHR%2F11%2F1060%2F682.mvt in 28.625µs
2026/08/27 19:15:21 main.go:162: served 204 %2FRHR%2F11%2F1060%2F683.mvt in 9.625µs
2026/08/27 19:15:21 main.go:162: served 204 %2FRHR%2F11%2F1060%2F681.mvt in 16.042µs
2026/08/27 19:15:21 main.go:162: served 200 %2FRHR%2F11%2F1061%2F681.mvt in 997.667µs
2026/08/27 19:15:27 main.go:162: served 304 %2FRHR%2F10%2F533%2F342.mvt in 1.353875ms
2026/08/27 19:17:30 main.go:162: served 200 %2FRHR%2F10%2F534%2F341.mvt in 2.590042ms
2026/08/27 19:17:30 main.go:162: served 200 %2FRHR%2F10%2F534%2F342.mvt in 2.62825ms
2026/08/27 19:17:30 main.go:162: served 200 %2FRHR%2F10%2F534%2F340.mvt in 2.6575ms
2026/08/27 19:17:31 main.go:162: served 200 %2FRHR%2F10%2F534%2F339.mvt in 810.084µs
2026/08/27 19:17:32 main.go:162: served 204 %2FRHR%2F10%2F535%2F341.mvt in 77.417µs
2026/08/27 19:17:32 main.go:162: served 204 %2FRHR%2F10%2F535%2F340.mvt in 62.375µs
2026/08/27 19:17:32 main.go:162: served 204 %2FRHR%2F10%2F535%2F339.mvt in 88.125µs
2026/08/27 19:17:34 main.go:162: served 204 %2FRHR%2F10%2F535%2F338.mvt in 33.25µs
2026/08/27 19:17:34 main.go:162: served 200 %2FRHR%2F10%2F534%2F338.mvt in 678.834µs
2026/08/27 19:17:34 main.go:162: served 200 %2FRHR%2F10%2F532%2F338.mvt in 366.75µs
2026/08/27 19:17:34 main.go:162: served 200 %2FRHR%2F10%2F533%2F338.mvt in 1.287875ms
2026/08/27 19:17:36 main.go:162: served 204 %2FRHR%2F10%2F533%2F337.mvt in 53.625µs
2026/08/27 19:17:36 main.go:162: served 204 %2FRHR%2F10%2F534%2F337.mvt in 20.75µs
2026/08/27 19:17:36 main.go:162: served 200 %2FRHR%2F10%2F532%2F337.mvt in 229.708µs
2026/08/27 19:17:36 main.go:162: served 204 %2FRHR%2F10%2F535%2F337.mvt in 15.166µs
2026/08/27 19:17:48 main.go:162: served 204 %2FRHR%2F11%2F1060%2F684.mvt in 60.375µs
2026/08/27 19:17:48 main.go:162: served 204 %2FRHR%2F11%2F1060%2F683.mvt in 17.667µs
2026/08/27 19:17:48 main.go:162: served 304 %2FRHR%2F11%2F1061%2F684.mvt in 1.047041ms
2026/08/27 19:17:48 main.go:162: served 304 %2FRHR%2F11%2F1062%2F684.mvt in 1.649166ms
2026/08/27 19:17:48 main.go:162: served 304 %2FRHR%2F11%2F1063%2F684.mvt in 1.77075ms
2026/08/27 19:17:49 main.go:162: served 204 %2FRHR%2F11%2F1062%2F685.mvt in 53.833µs
2026/08/27 19:17:49 main.go:162: served 204 %2FRHR%2F11%2F1061%2F685.mvt in 16.167µs
2026/08/27 19:17:49 main.go:162: served 204 %2FRHR%2F11%2F1063%2F685.mvt in 10.709µs
2026/08/27 19:17:49 main.go:162: served 204 %2FRHR%2F11%2F1060%2F685.mvt in 8.583µs
2026/08/27 19:17:49 main.go:162: served 200 %2FRHR%2F12%2F2123%2F1369.mvt in 1.612125ms
2026/08/27 19:17:49 main.go:162: served 204 %2FRHR%2F12%2F2123%2F1370.mvt in 28.333µs
2026/08/27 19:17:49 main.go:162: served 200 %2FRHR%2F12%2F2122%2F1369.mvt in 1.442125ms
2026/08/27 19:17:49 main.go:162: served 200 %2FRHR%2F12%2F2122%2F1368.mvt in 823µs
2026/08/27 19:17:49 main.go:162: served 200 %2FRHR%2F12%2F2124%2F1369.mvt in 490.917µs
2026/08/27 19:17:49 main.go:162: served 204 %2FRHR%2F12%2F2122%2F1370.mvt in 49.208µs
2026/08/27 19:17:49 main.go:162: served 304 %2FRHR%2F12%2F2123%2F1368.mvt in 405.459µs
2026/08/27 19:17:49 main.go:162: served 204 %2FRHR%2F12%2F2124%2F1370.mvt in 19.5µs
2026/08/27 19:17:49 main.go:162: served 204 %2FRHR%2F12%2F2121%2F1369.mvt in 10.5µs
2026/08/27 19:17:49 main.go:162: served 204 %2FRHR%2F12%2F2121%2F1368.mvt in 9.958µs
2026/08/27 19:17:49 main.go:162: served 204 %2FRHR%2F12%2F2121%2F1370.mvt in 10.417µs
2026/08/27 19:17:49 main.go:162: served 304 %2FRHR%2F12%2F2124%2F1368.mvt in 1.018542ms
2026/08/27 19:17:50 main.go:162: served 204 %2FRHR%2F13%2F4246%2F2739.mvt in 17.292µs
2026/08/27 19:17:50 main.go:162: served 204 %2FRHR%2F13%2F4245%2F2739.mvt in 58.209µs
2026/08/27 19:17:50 main.go:162: served 200 %2FRHR%2F13%2F4246%2F2738.mvt in 1.016458ms
2026/08/27 19:17:50 main.go:162: served 200 %2FRHR%2F13%2F4245%2F2738.mvt in 808.584µs
2026/08/27 19:17:50 main.go:162: served 200 %2FRHR%2F13%2F4247%2F2738.mvt in 361.792µs
2026/08/27 19:17:50 main.go:162: served 200 %2FRHR%2F13%2F4246%2F2737.mvt in 422.125µs
2026/08/27 19:17:50 main.go:162: served 204 %2FRHR%2F13%2F4247%2F2739.mvt in 39.708µs
2026/08/27 19:17:50 main.go:162: served 200 %2FRHR%2F13%2F4245%2F2737.mvt in 192.042µs
2026/08/27 19:17:50 main.go:162: served 204 %2FRHR%2F13%2F4244%2F2738.mvt in 15.875µs
2026/08/27 19:17:50 main.go:162: served 204 %2FRHR%2F13%2F4244%2F2739.mvt in 11.667µs
2026/08/27 19:17:50 main.go:162: served 200 %2FRHR%2F13%2F4247%2F2737.mvt in 359.583µs
2026/08/27 19:17:50 main.go:162: served 204 %2FRHR%2F13%2F4244%2F2737.mvt in 9.75µs
2026/08/27 19:17:51 main.go:162: served 304 %2FRHR%2F12%2F2124%2F1368.mvt in 225.917µs
2026/08/27 19:17:51 main.go:162: served 304 %2FRHR%2F12%2F2124%2F1369.mvt in 292.75µs
2026/08/27 19:17:51 main.go:162: served 204 %2FRHR%2F10%2F530%2F343.mvt in 32.875µs
2026/08/27 19:17:51 main.go:162: served 204 %2FRHR%2F10%2F531%2F343.mvt in 13.792µs
2026/08/27 19:17:51 main.go:162: served 204 %2FRHR%2F10%2F529%2F343.mvt in 13.667µs
2026/08/27 19:17:51 main.go:162: served 204 %2FRHR%2F10%2F532%2F343.mvt in 9.917µs
2026/08/27 19:17:53 main.go:162: served 304 %2FRHR%2F11%2F1061%2F682.mvt in 1.225292ms
2026/08/27 19:17:53 main.go:162: served 304 %2FRHR%2F11%2F1063%2F682.mvt in 1.271375ms
2026/08/27 19:17:53 main.go:162: served 304 %2FRHR%2F11%2F1062%2F682.mvt in 1.800667ms
2026/08/27 19:17:53 main.go:162: served 304 %2FRHR%2F12%2F2126%2F1367.mvt in 4.328ms
2026/08/27 19:17:53 main.go:162: served 304 %2FRHR%2F12%2F2124%2F1366.mvt in 4.500792ms
2026/08/27 19:17:53 main.go:162: served 304 %2FRHR%2F12%2F2124%2F1367.mvt in 4.794666ms
2026/08/27 19:17:53 main.go:162: served 304 %2FRHR%2F12%2F2125%2F1368.mvt in 4.457834ms
2026/08/27 19:17:53 main.go:162: served 304 %2FRHR%2F12%2F2125%2F1366.mvt in 4.661167ms
2026/08/27 19:17:53 main.go:162: served 304 %2FRHR%2F12%2F2125%2F1367.mvt in 5.889792ms
2026/08/27 19:17:53 main.go:162: served 304 %2FRHR%2F12%2F2126%2F1366.mvt in 669.833µs
2026/08/27 19:17:53 main.go:162: served 304 %2FRHR%2F12%2F2123%2F1366.mvt in 841.583µs
2026/08/27 19:17:53 main.go:162: served 304 %2FRHR%2F12%2F2124%2F1368.mvt in 1.532791ms
2026/08/27 19:17:53 main.go:162: served 304 %2FRHR%2F12%2F2123%2F1367.mvt in 1.9725ms
2026/08/27 19:17:53 main.go:162: served 304 %2FRHR%2F12%2F2126%2F1368.mvt in 2.120917ms
2026/08/27 19:17:55 main.go:162: served 304 %2FRHR%2F13%2F4251%2F2733.mvt in 1.188959ms
2026/08/27 19:17:55 main.go:162: served 304 %2FRHR%2F13%2F4250%2F2733.mvt in 760.334µs
2026/08/27 19:17:55 main.go:162: served 304 %2FRHR%2F13%2F4249%2F2733.mvt in 65.672833ms
2026/08/27 19:17:55 main.go:162: served 304 %2FRHR%2F13%2F4249%2F2734.mvt in 65.414125ms
2026/08/27 19:17:55 main.go:162: served 304 %2FRHR%2F13%2F4251%2F2734.mvt in 65.626875ms
2026/08/27 19:17:55 main.go:162: served 304 %2FRHR%2F13%2F4250%2F2734.mvt in 65.70725ms
2026/08/27 19:17:55 main.go:162: served 304 %2FRHR%2F14%2F8500%2F5467.mvt in 4.062666ms
2026/08/27 19:17:55 main.go:162: served 304 %2FRHR%2F14%2F8499%2F5467.mvt in 5.522583ms
2026/08/27 19:17:55 main.go:162: served 304 %2FRHR%2F14%2F8500%2F5468.mvt in 541.083µs
2026/08/27 19:17:55 main.go:162: served 304 %2FRHR%2F14%2F8499%2F5469.mvt in 112.115458ms
2026/08/27 19:17:55 main.go:162: served 304 %2FRHR%2F14%2F8501%2F5467.mvt in 72.2765ms
2026/08/27 19:17:55 main.go:162: served 304 %2FRHR%2F14%2F8500%2F5469.mvt in 41.592375ms
2026/08/27 19:17:55 main.go:162: served 304 %2FRHR%2F14%2F8501%2F5468.mvt in 41.76275ms
2026/08/27 19:17:55 main.go:162: served 304 %2FRHR%2F14%2F8501%2F5469.mvt in 107.96125ms
2026/08/27 19:17:55 main.go:162: served 304 %2FRHR%2F14%2F8499%2F5468.mvt in 873.833µs
2026/08/27 19:17:56 main.go:162: served 200 %2FRHR%2F13%2F4250%2F2734.mvt in 899.375µs
2026/08/27 19:17:56 main.go:162: served 200 %2FRHR%2F13%2F4249%2F2733.mvt in 1.137625ms
2026/08/27 19:17:56 main.go:162: served 200 %2FRHR%2F13%2F4251%2F2733.mvt in 1.097875ms
2026/08/27 19:17:56 main.go:162: served 200 %2FRHR%2F13%2F4251%2F2734.mvt in 907.833µs
2026/08/27 19:17:56 main.go:162: served 200 %2FRHR%2F13%2F4250%2F2733.mvt in 3.000375ms
2026/08/27 19:17:56 main.go:162: served 200 %2FRHR%2F13%2F4249%2F2734.mvt in 2.816667ms
2026/08/27 19:17:56 main.go:162: served 204 %2FRHR%2F10%2F529%2F340.mvt in 26.833µs
2026/08/27 19:17:56 main.go:162: served 304 %2FRHR%2F10%2F530%2F340.mvt in 1.620125ms
2026/08/27 19:18:06 main.go:162: served 204 %2FRHR%2F10%2F529%2F341.mvt in 46.709µs
2026/08/27 19:18:06 main.go:162: served 304 %2FRHR%2F10%2F530%2F341.mvt in 567.334µs
2026/08/27 19:18:06 main.go:162: served 304 %2FRHR%2F10%2F532%2F340.mvt in 569.333µs
2026/08/27 19:18:06 main.go:162: served 304 %2FRHR%2F10%2F532%2F342.mvt in 2.225291ms
2026/08/27 19:18:06 main.go:162: served 304 %2FRHR%2F10%2F531%2F342.mvt in 2.022791ms
2026/08/27 19:18:06 main.go:162: served 304 %2FRHR%2F10%2F531%2F340.mvt in 1.901542ms
2026/08/27 19:18:06 main.go:162: served 304 %2FRHR%2F10%2F530%2F342.mvt in 1.717041ms
2026/08/27 19:18:06 main.go:162: served 304 %2FRHR%2F10%2F530%2F340.mvt in 2.321083ms
2026/08/27 19:18:06 main.go:162: served 204 %2FRHR%2F10%2F529%2F342.mvt in 25.375µs
2026/08/27 19:18:06 main.go:162: served 304 %2FRHR%2F10%2F531%2F341.mvt in 321µs
2026/08/27 19:18:06 main.go:162: served 204 %2FRHR%2F10%2F529%2F340.mvt in 341.209µs
2026/08/27 19:18:06 main.go:162: served 304 %2FRHR%2F10%2F532%2F341.mvt in 7.82875ms
2026/08/27 19:18:13 main.go:162: served 204 %2FRHR%2F10%2F529%2F339.mvt in 250.667µs
2026/08/27 19:18:13 main.go:162: served 304 %2FRHR%2F10%2F531%2F339.mvt in 728.792µs
2026/08/27 19:18:13 main.go:162: served 304 %2FRHR%2F10%2F532%2F339.mvt in 1.408ms
2026/08/27 19:18:13 main.go:162: served 304 %2FRHR%2F10%2F530%2F339.mvt in 1.509125ms
2026/08/27 19:18:15 main.go:162: served 200 %2FRHR%2F10%2F531%2F338.mvt in 348.542µs
2026/08/27 19:18:15 main.go:162: served 200 %2FRHR%2F10%2F530%2F338.mvt in 155.417µs
2026/08/27 19:18:15 main.go:162: served 204 %2FRHR%2F10%2F529%2F338.mvt in 14.958µs
2026/08/27 19:18:15 main.go:162: served 304 %2FRHR%2F10%2F532%2F338.mvt in 472.25µs
2026/08/27 19:18:18 main.go:162: served 204 %2FRHR%2F10%2F530%2F337.mvt in 41.458µs
2026/08/27 19:18:18 main.go:162: served 200 %2FRHR%2F10%2F531%2F337.mvt in 244.083µs
2026/08/27 19:18:18 main.go:162: served 304 %2FRHR%2F10%2F532%2F337.mvt in 124.708µs
2026/08/27 19:18:20 main.go:162: served 204 %2FRHR%2F11%2F1061%2F676.mvt in 26.625µs
2026/08/27 19:18:20 main.go:162: served 200 %2FRHR%2F11%2F1062%2F676.mvt in 1.176416ms
2026/08/27 19:18:20 main.go:162: served 200 %2FRHR%2F11%2F1062%2F677.mvt in 1.618416ms
2026/08/27 19:18:20 main.go:162: served 200 %2FRHR%2F11%2F1063%2F677.mvt in 828.167µs
2026/08/27 19:18:20 main.go:162: served 200 %2FRHR%2F11%2F1061%2F677.mvt in 911.958µs
2026/08/27 19:18:20 main.go:162: served 200 %2FRHR%2F11%2F1063%2F676.mvt in 1.363708ms
2026/08/27 19:18:20 main.go:162: served 200 %2FRHR%2F11%2F1064%2F676.mvt in 715.167µs
2026/08/27 19:18:20 main.go:162: served 200 %2FRHR%2F11%2F1064%2F677.mvt in 282.541µs
2026/08/27 19:18:20 main.go:162: served 200 %2FRHR%2F12%2F2125%2F1354.mvt in 1.3155ms
2026/08/27 19:18:20 main.go:162: served 200 %2FRHR%2F12%2F2125%2F1353.mvt in 373.917µs
2026/08/27 19:18:20 main.go:162: served 200 %2FRHR%2F12%2F2124%2F1354.mvt in 829.083µs
2026/08/27 19:18:20 main.go:162: served 200 %2FRHR%2F12%2F2124%2F1353.mvt in 472.167µs
2026/08/27 19:18:20 main.go:162: served 200 %2FRHR%2F12%2F2125%2F1355.mvt in 459.25µs
2026/08/27 19:18:20 main.go:162: served 200 %2FRHR%2F12%2F2124%2F1355.mvt in 492.291µs
2026/08/27 19:18:20 main.go:162: served 200 %2FRHR%2F12%2F2126%2F1353.mvt in 1.216458ms
2026/08/27 19:18:20 main.go:162: served 200 %2FRHR%2F12%2F2126%2F1354.mvt in 1.39375ms
2026/08/27 19:18:20 main.go:162: served 200 %2FRHR%2F12%2F2123%2F1353.mvt in 750.75µs
2026/08/27 19:18:20 main.go:162: served 200 %2FRHR%2F12%2F2123%2F1354.mvt in 782.625µs
2026/08/27 19:18:20 main.go:162: served 200 %2FRHR%2F12%2F2126%2F1355.mvt in 436.209µs
2026/08/27 19:18:20 main.go:162: served 200 %2FRHR%2F12%2F2123%2F1355.mvt in 617.083µs
2026/08/27 19:18:22 main.go:162: served 304 %2FRHR%2F11%2F1064%2F677.mvt in 147.417µs
2026/08/27 19:18:22 main.go:162: served 304 %2FRHR%2F11%2F1064%2F676.mvt in 148.291µs
2026/08/27 19:18:24 main.go:162: served 204 %2FRHR%2F10%2F533%2F337.mvt in 54.75µs
2026/08/27 19:18:24 main.go:162: served 304 %2FRHR%2F10%2F533%2F339.mvt in 2.142625ms
2026/08/27 19:18:24 main.go:162: served 304 %2FRHR%2F10%2F533%2F338.mvt in 1.292ms
2026/08/27 19:18:25 main.go:162: served 204 %2FRHR%2F10%2F534%2F337.mvt in 48.542µs
2026/08/27 19:18:25 main.go:162: served 304 %2FRHR%2F10%2F534%2F339.mvt in 445.875µs
2026/08/27 19:18:25 main.go:162: served 304 %2FRHR%2F10%2F534%2F338.mvt in 461.583µs
2026/08/27 19:18:26 main.go:162: served 204 %2FRHR%2F10%2F535%2F337.mvt in 19.125µs
2026/08/27 19:18:26 main.go:162: served 204 %2FRHR%2F10%2F535%2F339.mvt in 14.208µs
2026/08/27 19:18:26 main.go:162: served 204 %2FRHR%2F10%2F535%2F338.mvt in 61.292µs
2026/08/27 19:18:29 main.go:162: served 200 %2FRHR%2F11%2F1067%2F676.mvt in 1.354292ms
2026/08/27 19:18:29 main.go:162: served 200 %2FRHR%2F11%2F1068%2F677.mvt in 752.625µs
2026/08/27 19:18:29 main.go:162: served 200 %2FRHR%2F11%2F1066%2F676.mvt in 665.042µs
2026/08/27 19:18:29 main.go:162: served 200 %2FRHR%2F11%2F1068%2F676.mvt in 1.181167ms
2026/08/27 19:18:29 main.go:162: served 200 %2FRHR%2F11%2F1067%2F677.mvt in 1.834417ms
2026/08/27 19:18:29 main.go:162: served 200 %2FRHR%2F11%2F1066%2F677.mvt in 862.291µs
2026/08/27 19:18:29 main.go:162: served 204 %2FRHR%2F11%2F1069%2F676.mvt in 73.334µs
2026/08/27 19:18:29 main.go:162: served 204 %2FRHR%2F11%2F1069%2F677.mvt in 14.916µs
2026/08/27 19:18:39 main.go:162: served 200 %2FRHR%2F11%2F1068%2F678.mvt in 923.166µs
2026/08/27 19:18:39 main.go:162: served 200 %2FRHR%2F11%2F1067%2F678.mvt in 1.069791ms
2026/08/27 19:18:39 main.go:162: served 200 %2FRHR%2F11%2F1066%2F678.mvt in 1.054708ms
2026/08/27 19:18:39 main.go:162: served 200 %2FRHR%2F11%2F1065%2F678.mvt in 323.959µs
2026/08/27 19:18:39 main.go:162: served 200 %2FRHR%2F11%2F1065%2F676.mvt in 347.125µs
2026/08/27 19:18:39 main.go:162: served 200 %2FRHR%2F11%2F1065%2F677.mvt in 364.625µs
2026/08/27 19:18:40 main.go:162: served 200 %2FRHR%2F11%2F1067%2F679.mvt in 579.334µs
2026/08/27 19:18:40 main.go:162: served 200 %2FRHR%2F11%2F1066%2F679.mvt in 760.875µs
2026/08/27 19:18:40 main.go:162: served 200 %2FRHR%2F11%2F1065%2F679.mvt in 923.167µs
2026/08/27 19:18:40 main.go:162: served 304 %2FRHR%2F11%2F1064%2F677.mvt in 162.708µs
2026/08/27 19:18:40 main.go:162: served 200 %2FRHR%2F11%2F1064%2F679.mvt in 461.459µs
2026/08/27 19:18:40 main.go:162: served 200 %2FRHR%2F11%2F1064%2F678.mvt in 459.625µs
2026/08/27 19:18:40 main.go:162: served 200 %2FRHR%2F11%2F1063%2F679.mvt in 344µs
2026/08/27 19:18:40 main.go:162: served 304 %2FRHR%2F11%2F1063%2F677.mvt in 321.334µs
2026/08/27 19:18:40 main.go:162: served 200 %2FRHR%2F11%2F1063%2F678.mvt in 528.292µs
2026/08/27 19:18:41 main.go:162: served 200 %2FRHR%2F11%2F1062%2F679.mvt in 338.75µs
2026/08/27 19:18:41 main.go:162: served 200 %2FRHR%2F11%2F1062%2F678.mvt in 295.416µs
2026/08/27 19:18:41 main.go:162: served 304 %2FRHR%2F11%2F1064%2F680.mvt in 2.684458ms
2026/08/27 19:18:41 main.go:162: served 304 %2FRHR%2F11%2F1065%2F680.mvt in 2.740792ms
2026/08/27 19:18:41 main.go:162: served 304 %2FRHR%2F11%2F1063%2F680.mvt in 3.087791ms
2026/08/27 19:18:41 main.go:162: served 304 %2FRHR%2F11%2F1062%2F680.mvt in 2.988458ms
2026/08/27 19:18:41 main.go:162: served 200 %2FRHR%2F11%2F1061%2F680.mvt in 408.042µs
2026/08/27 19:18:41 main.go:162: served 200 %2FRHR%2F11%2F1061%2F678.mvt in 1.242708ms
2026/08/27 19:18:41 main.go:162: served 200 %2FRHR%2F11%2F1061%2F679.mvt in 1.316625ms
2026/08/27 19:18:42 main.go:162: served 200 %2FRHR%2F11%2F1061%2F681.mvt in 215.583µs
2026/08/27 19:18:42 main.go:162: served 304 %2FRHR%2F11%2F1062%2F681.mvt in 1.503834ms
2026/08/27 19:18:42 main.go:162: served 304 %2FRHR%2F11%2F1063%2F681.mvt in 1.472791ms
2026/08/27 19:18:42 main.go:162: served 304 %2FRHR%2F11%2F1064%2F681.mvt in 1.590208ms
2026/08/27 19:18:42 main.go:162: served 204 %2FRHR%2F11%2F1060%2F681.mvt in 69.375µs
2026/08/27 19:18:42 main.go:162: served 204 %2FRHR%2F11%2F1060%2F680.mvt in 62.416µs
2026/08/27 19:18:42 main.go:162: served 204 %2FRHR%2F11%2F1060%2F679.mvt in 42.167µs
2026/08/27 19:18:44 main.go:162: served 204 %2FRHR%2F11%2F1060%2F682.mvt in 56.875µs
2026/08/27 19:18:44 main.go:162: served 304 %2FRHR%2F11%2F1062%2F682.mvt in 1.06375ms
2026/08/27 19:18:44 main.go:162: served 304 %2FRHR%2F11%2F1061%2F682.mvt in 1.099333ms
2026/08/27 19:18:44 main.go:162: served 304 %2FRHR%2F11%2F1063%2F682.mvt in 1.570458ms
2026/08/27 19:18:45 main.go:162: served 204 %2FRHR%2F11%2F1060%2F683.mvt in 57.416µs
2026/08/27 19:18:45 main.go:162: served 304 %2FRHR%2F11%2F1062%2F683.mvt in 1.119167ms
2026/08/27 19:18:45 main.go:162: served 304 %2FRHR%2F11%2F1061%2F683.mvt in 1.604375ms
2026/08/27 19:18:45 main.go:162: served 304 %2FRHR%2F11%2F1063%2F683.mvt in 2.177916ms
2026/08/27 19:18:48 main.go:162: served 204 %2FRHR%2F11%2F1060%2F684.mvt in 140.667µs
2026/08/27 19:18:48 main.go:162: served 304 %2FRHR%2F11%2F1063%2F684.mvt in 1.124ms
2026/08/27 19:18:48 main.go:162: served 304 %2FRHR%2F11%2F1061%2F684.mvt in 1.595458ms
2026/08/27 19:18:48 main.go:162: served 304 %2FRHR%2F11%2F1062%2F684.mvt in 1.758792ms
2026/08/27 19:18:49 main.go:162: served 304 %2FRHR%2F12%2F2125%2F1366.mvt in 1.773375ms
2026/08/27 19:18:49 main.go:162: served 304 %2FRHR%2F12%2F2125%2F1368.mvt in 3.465667ms
2026/08/27 19:18:49 main.go:162: served 304 %2FRHR%2F12%2F2124%2F1366.mvt in 3.796375ms
2026/08/27 19:18:49 main.go:162: served 304 %2FRHR%2F12%2F2124%2F1368.mvt in 3.807375ms
2026/08/27 19:18:49 main.go:162: served 304 %2FRHR%2F12%2F2123%2F1367.mvt in 1.602958ms
2026/08/27 19:18:49 main.go:162: served 304 %2FRHR%2F12%2F2124%2F1367.mvt in 4.054625ms
2026/08/27 19:18:49 main.go:162: served 304 %2FRHR%2F12%2F2125%2F1367.mvt in 4.092916ms
2026/08/27 19:18:49 main.go:162: served 304 %2FRHR%2F12%2F2126%2F1366.mvt in 570.5µs
2026/08/27 19:18:49 main.go:162: served 304 %2FRHR%2F12%2F2126%2F1367.mvt in 950.417µs
2026/08/27 19:18:49 main.go:162: served 304 %2FRHR%2F12%2F2123%2F1368.mvt in 1.131917ms
2026/08/27 19:18:49 main.go:162: served 304 %2FRHR%2F12%2F2123%2F1366.mvt in 1.691083ms
2026/08/27 19:18:49 main.go:162: served 304 %2FRHR%2F12%2F2126%2F1368.mvt in 1.70775ms
2026/08/27 19:18:51 main.go:162: served 304 %2FRHR%2F13%2F4250%2F2735.mvt in 10.133167ms
2026/08/27 19:18:51 main.go:162: served 304 %2FRHR%2F13%2F4251%2F2733.mvt in 2.757167ms
2026/08/27 19:18:51 main.go:162: served 304 %2FRHR%2F13%2F4249%2F2733.mvt in 12.954625ms
2026/08/27 19:18:51 main.go:162: served 304 %2FRHR%2F13%2F4251%2F2735.mvt in 12.28825ms
2026/08/27 19:18:51 main.go:162: served 304 %2FRHR%2F13%2F4251%2F2734.mvt in 14.573917ms
2026/08/27 19:18:51 main.go:162: served 304 %2FRHR%2F13%2F4249%2F2734.mvt in 14.637667ms
2026/08/27 19:18:51 main.go:162: served 304 %2FRHR%2F13%2F4250%2F2734.mvt in 14.778583ms
2026/08/27 19:18:51 main.go:162: served 304 %2FRHR%2F13%2F4249%2F2735.mvt in 3.594458ms
2026/08/27 19:18:51 main.go:162: served 304 %2FRHR%2F13%2F4250%2F2733.mvt in 11.438375ms
2026/08/27 19:18:51 main.go:162: served 304 %2FRHR%2F14%2F8500%2F5468.mvt in 1.244125ms
2026/08/27 19:18:51 main.go:162: served 304 %2FRHR%2F14%2F8499%2F5468.mvt in 706.458µs
2026/08/27 19:18:51 main.go:162: served 304 %2FRHR%2F14%2F8500%2F5469.mvt in 955.666µs
2026/08/27 19:18:51 main.go:162: served 304 %2FRHR%2F14%2F8499%2F5469.mvt in 558.084µs
2026/08/27 19:18:51 main.go:162: served 304 %2FRHR%2F14%2F8501%2F5468.mvt in 588.25µs
2026/08/27 19:18:51 main.go:162: served 304 %2FRHR%2F14%2F8501%2F5469.mvt in 578.875µs
2026/08/27 19:18:51 main.go:162: served 304 %2FRHR%2F14%2F8500%2F5467.mvt in 810.291µs
2026/08/27 19:18:51 main.go:162: served 304 %2FRHR%2F14%2F8499%2F5467.mvt in 5.024042ms
2026/08/27 19:18:51 main.go:162: served 304 %2FRHR%2F14%2F8501%2F5467.mvt in 5.14125ms
2026/08/27 19:19:02 server.go:156: fetching RHR 47016-3754
2026/08/27 19:19:02 server.go:200: fetched RHR 47016-3754
2026/08/27 19:19:02 main.go:162: served 200 %2FRHR%2F15%2F17000%2F10937.mvt in 692.084µs
2026/08/27 19:19:02 main.go:162: served 200 %2FRHR%2F15%2F16999%2F10938.mvt in 1.608792ms
2026/08/27 19:19:02 main.go:162: served 200 %2FRHR%2F15%2F17000%2F10939.mvt in 914.167µs
2026/08/27 19:19:02 main.go:162: served 200 %2FRHR%2F15%2F17001%2F10938.mvt in 694.916µs
2026/08/27 19:19:02 main.go:162: served 200 %2FRHR%2F15%2F17000%2F10938.mvt in 2.714ms
2026/08/27 19:19:02 main.go:162: served 200 %2FRHR%2F15%2F16999%2F10937.mvt in 321.875µs
2026/08/27 19:19:02 main.go:162: served 200 %2FRHR%2F15%2F17001%2F10937.mvt in 184µs
2026/08/27 19:19:02 main.go:162: served 200 %2FRHR%2F15%2F16998%2F10937.mvt in 177.917µs
2026/08/27 19:19:02 main.go:162: served 200 %2FRHR%2F15%2F16998%2F10938.mvt in 216.583µs
2026/08/27 19:19:02 main.go:162: served 200 %2FRHR%2F15%2F16999%2F10939.mvt in 333.75µs
2026/08/27 19:19:02 main.go:162: served 200 %2FRHR%2F15%2F17001%2F10939.mvt in 430.958µs
2026/08/27 19:19:02 main.go:162: served 200 %2FRHR%2F15%2F16998%2F10939.mvt in 368.084µs
2026/08/27 19:19:13 main.go:162: served 304 %2FRHR%2F15%2F17000%2F10938.mvt in 160.5µs
2026/08/27 19:19:13 main.go:162: served 304 %2FRHR%2F15%2F17000%2F10937.mvt in 71.917µs
2026/08/27 19:19:13 main.go:162: served 304 %2FRHR%2F15%2F16999%2F10938.mvt in 125.083µs
2026/08/27 19:19:13 main.go:162: served 304 %2FRHR%2F15%2F16999%2F10937.mvt in 63.542µs
2026/08/27 19:19:20 main.go:162: served 304 %2FRHR%2F15%2F16999%2F10937.mvt in 142.542µs
2026/08/27 19:19:20 main.go:162: served 304 %2FRHR%2F15%2F17000%2F10937.mvt in 161.292µs
2026/08/27 19:19:30 main.go:162: served 304 %2FRHR%2F15%2F17000%2F10938.mvt in 181.209µs
2026/08/27 19:19:30 main.go:162: served 304 %2FRHR%2F15%2F17000%2F10938.mvt in 161.667µs
2026/08/27 19:19:38 main.go:162: served 304 %2FRHR%2F15%2F17000%2F10937.mvt in 157.041µs
2026/08/27 19:19:47 main.go:162: served 304 %2FRHR%2F15%2F17001%2F10937.mvt in 157.334µs
2026/08/27 19:19:47 main.go:162: served 304 %2FRHR%2F15%2F17001%2F10938.mvt in 192.958µs
2026/08/27 19:19:48 main.go:162: served 200 %2FRHR%2F14%2F8498%2F5469.mvt in 880.875µs
2026/08/27 19:19:48 main.go:162: served 200 %2FRHR%2F14%2F8498%2F5468.mvt in 890.5µs
2026/08/27 19:19:48 main.go:162: served 304 %2FRHR%2F13%2F4249%2F2734.mvt in 215.167µs
2026/08/27 19:19:48 main.go:162: served 304 %2FRHR%2F13%2F4250%2F2733.mvt in 204µs
2026/08/27 19:19:48 main.go:162: served 304 %2FRHR%2F13%2F4250%2F2734.mvt in 971.583µs
2026/08/27 19:19:48 main.go:162: served 304 %2FRHR%2F13%2F4249%2F2733.mvt in 800.5µs
2026/08/27 19:19:49 main.go:162: served 304 %2FRHR%2F11%2F1062%2F682.mvt in 235.625µs
2026/08/27 19:19:49 main.go:162: served 304 %2FRHR%2F11%2F1061%2F682.mvt in 96.666µs
2026/08/27 19:19:49 main.go:162: served 304 %2FRHR%2F11%2F1063%2F682.mvt in 115.167µs
2026/08/27 19:19:49 main.go:162: served 304 %2FRHR%2F11%2F1061%2F683.mvt in 66.625µs
2026/08/27 19:19:49 main.go:162: served 304 %2FRHR%2F11%2F1063%2F683.mvt in 77.541µs
2026/08/27 19:19:49 main.go:162: served 304 %2FRHR%2F11%2F1062%2F683.mvt in 160.417µs
2026/08/27 19:19:49 main.go:162: served 304 %2FRHR%2F11%2F1063%2F684.mvt in 190.417µs
2026/08/27 19:19:49 main.go:162: served 304 %2FRHR%2F11%2F1062%2F684.mvt in 250.375µs
2026/08/27 19:19:49 main.go:162: served 304 %2FRHR%2F11%2F1061%2F684.mvt in 142.75µs
2026/08/27 19:19:50 main.go:162: served 304 %2FRHR%2F10%2F531%2F341.mvt in 2.8345ms
2026/08/27 19:19:50 main.go:162: served 304 %2FRHR%2F10%2F531%2F342.mvt in 2.641416ms
2026/08/27 19:19:50 main.go:162: served 304 %2FRHR%2F10%2F530%2F342.mvt in 2.363209ms
2026/08/27 19:19:50 main.go:162: served 304 %2FRHR%2F10%2F530%2F341.mvt in 3.463083ms
2026/08/27 19:19:50 main.go:162: served 304 %2FRHR%2F10%2F532%2F341.mvt in 3.260958ms
2026/08/27 19:19:50 main.go:162: served 304 %2FRHR%2F10%2F532%2F342.mvt in 2.857125ms
2026/08/27 19:19:50 main.go:162: served 304 %2FRHR%2F10%2F530%2F340.mvt in 430.541µs
2026/08/27 19:19:50 main.go:162: served 304 %2FRHR%2F10%2F532%2F340.mvt in 1.562041ms
2026/08/27 19:19:50 main.go:162: served 304 %2FRHR%2F10%2F531%2F340.mvt in 1.372083ms
2026/08/27 19:19:50 main.go:162: served 204 %2FRHR%2F10%2F529%2F341.mvt in 29.583µs
2026/08/27 19:19:50 main.go:162: served 204 %2FRHR%2F10%2F529%2F342.mvt in 31.459µs
2026/08/27 19:19:50 main.go:162: served 204 %2FRHR%2F10%2F529%2F340.mvt in 12.083µs
./run_mac-linux.sh: line 23:  4416 Terminated: 15          "$SCRIPT_DIR/pmtiles" serve "$SCRIPT_DIR" --port 8094 --cors=*
