[Ruhrgebiet Mod] Copying data files to cities/data/RHR...
[Ruhrgebiet Mod] Data files copied successfully.
[Ruhrgebiet Mod] Starting tile server on port 8080...
2026/08/29 21:49:22 main.go:165: Serving  /Users/lenny/subway-builder-maps/game-mods/Ruhrgebiet on port 8080 and interface 0.0.0.0 with Access-Control-Allow-Origin: *
2026/08/29 21:56:48 server.go:156: fetching RHR 0-16384
2026/08/29 21:56:48 server.go:200: fetched RHR 0-16384
2026/08/29 21:56:48 server.go:156: fetching RHR 127-62
2026/08/29 21:56:48 server.go:200: fetched RHR 127-62
2026/08/29 21:56:48 server.go:156: fetching RHR 4034-9888
2026/08/29 21:56:48 server.go:200: fetched RHR 4034-9888
2026/08/29 21:56:48 main.go:162: served 200 %2FRHR%2F10%2F532%2F340.mvt in 4.557542ms
2026/08/29 21:56:48 main.go:162: served 200 %2FRHR%2F10%2F533%2F340.mvt in 4.585625ms
2026/08/29 21:56:48 main.go:162: served 200 %2FRHR%2F10%2F532%2F339.mvt in 4.8655ms
2026/08/29 21:56:48 main.go:162: served 200 %2FRHR%2F10%2F533%2F339.mvt in 4.795791ms
2026/08/29 21:56:48 main.go:162: served 200 %2FRHR%2F10%2F531%2F340.mvt in 4.581125ms
2026/08/29 21:56:48 main.go:162: served 200 %2FRHR%2F10%2F531%2F339.mvt in 4.750666ms
2026/08/29 21:56:48 main.go:162: served 200 %2FRHR%2F10%2F532%2F341.mvt in 2.128584ms
2026/08/29 21:56:48 main.go:162: served 200 %2FRHR%2F10%2F531%2F341.mvt in 1.118417ms
2026/08/29 21:56:48 main.go:162: served 200 %2FRHR%2F10%2F533%2F341.mvt in 1.35325ms
2026/08/29 21:56:58 main.go:162: served 200 %2FRHR%2F11%2F1064%2F681.mvt in 4.897292ms
2026/08/29 21:56:58 main.go:162: served 200 %2FRHR%2F11%2F1064%2F680.mvt in 4.439583ms
2026/08/29 21:56:58 main.go:162: served 200 %2FRHR%2F11%2F1065%2F680.mvt in 4.41325ms
2026/08/29 21:56:58 main.go:162: served 200 %2FRHR%2F11%2F1065%2F682.mvt in 3.497959ms
2026/08/29 21:56:58 main.go:162: served 200 %2FRHR%2F11%2F1065%2F681.mvt in 5.015792ms
2026/08/29 21:56:58 main.go:162: served 200 %2FRHR%2F11%2F1064%2F682.mvt in 4.202875ms
2026/08/29 21:56:58 main.go:162: served 200 %2FRHR%2F11%2F1063%2F681.mvt in 715.75µs
2026/08/29 21:56:58 main.go:162: served 200 %2FRHR%2F11%2F1063%2F680.mvt in 900.375µs
2026/08/29 21:56:58 main.go:162: served 200 %2FRHR%2F11%2F1066%2F680.mvt in 944.459µs
2026/08/29 21:56:58 main.go:162: served 200 %2FRHR%2F11%2F1066%2F681.mvt in 1.18175ms
2026/08/29 21:56:58 main.go:162: served 200 %2FRHR%2F11%2F1063%2F682.mvt in 454.167µs
2026/08/29 21:56:58 main.go:162: served 200 %2FRHR%2F11%2F1066%2F682.mvt in 364.209µs
2026/08/29 21:56:58 main.go:162: served 200 %2FRHR%2F12%2F2129%2F1362.mvt in 1.228541ms
2026/08/29 21:56:58 main.go:162: served 200 %2FRHR%2F12%2F2130%2F1362.mvt in 957.541µs
2026/08/29 21:56:58 main.go:162: served 200 %2FRHR%2F12%2F2129%2F1361.mvt in 1.421708ms
2026/08/29 21:56:58 main.go:162: served 200 %2FRHR%2F12%2F2130%2F1361.mvt in 2.144958ms
2026/08/29 21:56:58 main.go:162: served 200 %2FRHR%2F12%2F2128%2F1362.mvt in 996.042µs
2026/08/29 21:56:58 main.go:162: served 200 %2FRHR%2F12%2F2128%2F1361.mvt in 1.088084ms
2026/08/29 21:56:58 main.go:162: served 200 %2FRHR%2F12%2F2131%2F1362.mvt in 1.877ms
2026/08/29 21:56:58 main.go:162: served 200 %2FRHR%2F12%2F2131%2F1361.mvt in 1.594959ms
2026/08/29 21:56:59 main.go:162: served 200 %2FRHR%2F13%2F4259%2F2724.mvt in 2.865791ms
2026/08/29 21:56:59 main.go:162: served 200 %2FRHR%2F13%2F4260%2F2724.mvt in 2.235167ms
2026/08/29 21:56:59 main.go:162: served 200 %2FRHR%2F13%2F4258%2F2723.mvt in 1.552167ms
2026/08/29 21:56:59 main.go:162: served 200 %2FRHR%2F13%2F4258%2F2724.mvt in 1.593083ms
2026/08/29 21:56:59 main.go:162: served 200 %2FRHR%2F13%2F4260%2F2723.mvt in 1.73725ms
2026/08/29 21:56:59 main.go:162: served 200 %2FRHR%2F13%2F4259%2F2723.mvt in 2.563416ms
2026/08/29 21:56:59 main.go:162: served 200 %2FRHR%2F13%2F4261%2F2724.mvt in 676.875µs
2026/08/29 21:56:59 main.go:162: served 200 %2FRHR%2F13%2F4261%2F2723.mvt in 788.666µs
2026/08/29 21:57:00 main.go:162: served 200 %2FRHR%2F10%2F534%2F341.mvt in 2.617666ms
2026/08/29 21:57:00 main.go:162: served 200 %2FRHR%2F10%2F534%2F340.mvt in 2.795083ms
2026/08/29 21:57:00 main.go:162: served 200 %2FRHR%2F10%2F534%2F339.mvt in 2.883416ms
2026/08/29 21:57:05 main.go:162: served 200 %2FRHR%2F10%2F532%2F342.mvt in 667.625µs
2026/08/29 21:57:05 main.go:162: served 200 %2FRHR%2F10%2F531%2F342.mvt in 1.853459ms
2026/08/29 21:57:05 main.go:162: served 200 %2FRHR%2F10%2F533%2F342.mvt in 2.131916ms
2026/08/29 21:57:05 main.go:162: served 200 %2FRHR%2F10%2F534%2F342.mvt in 1.901125ms
2026/08/29 21:57:05 main.go:162: served 200 %2FRHR%2F10%2F530%2F341.mvt in 739.209µs
2026/08/29 21:57:05 main.go:162: served 200 %2FRHR%2F10%2F530%2F342.mvt in 341.167µs
2026/08/29 21:57:05 main.go:162: served 200 %2FRHR%2F10%2F530%2F340.mvt in 653.375µs
2026/08/29 21:57:07 main.go:162: served 200 %2FRHR%2F11%2F1062%2F683.mvt in 1.119791ms
2026/08/29 21:57:07 main.go:162: served 200 %2FRHR%2F11%2F1061%2F682.mvt in 576.417µs
2026/08/29 21:57:07 main.go:162: served 200 %2FRHR%2F11%2F1062%2F682.mvt in 2.54ms
2026/08/29 21:57:07 main.go:162: served 200 %2FRHR%2F11%2F1063%2F683.mvt in 3.184125ms
2026/08/29 21:57:07 main.go:162: served 200 %2FRHR%2F11%2F1062%2F684.mvt in 2.627917ms
2026/08/29 21:57:07 main.go:162: served 200 %2FRHR%2F11%2F1061%2F683.mvt in 2.1615ms
2026/08/29 21:57:07 main.go:162: served 200 %2FRHR%2F11%2F1063%2F684.mvt in 3.10575ms
2026/08/29 21:57:07 main.go:162: served 200 %2FRHR%2F11%2F1061%2F684.mvt in 137.416µs
2026/08/29 21:57:07 main.go:162: served 200 %2FRHR%2F11%2F1064%2F683.mvt in 512.708µs
2026/08/29 21:57:07 main.go:162: served 200 %2FRHR%2F11%2F1064%2F684.mvt in 342.416µs
2026/08/29 21:57:08 main.go:162: served 200 %2FRHR%2F12%2F2125%2F1366.mvt in 4.822959ms
2026/08/29 21:57:08 main.go:162: served 200 %2FRHR%2F12%2F2126%2F1366.mvt in 4.476875ms
2026/08/29 21:57:08 main.go:162: served 200 %2FRHR%2F12%2F2125%2F1365.mvt in 4.829834ms
2026/08/29 21:57:08 main.go:162: served 200 %2FRHR%2F12%2F2124%2F1366.mvt in 5.866208ms
2026/08/29 21:57:08 main.go:162: served 200 %2FRHR%2F12%2F2124%2F1367.mvt in 5.5215ms
2026/08/29 21:57:08 main.go:162: served 200 %2FRHR%2F12%2F2125%2F1367.mvt in 6.262625ms
2026/08/29 21:57:08 main.go:162: served 200 %2FRHR%2F12%2F2124%2F1365.mvt in 859.042µs
2026/08/29 21:57:08 main.go:162: served 200 %2FRHR%2F12%2F2126%2F1367.mvt in 1.148708ms
2026/08/29 21:57:08 main.go:162: served 200 %2FRHR%2F12%2F2123%2F1366.mvt in 706.666µs
2026/08/29 21:57:08 main.go:162: served 200 %2FRHR%2F12%2F2126%2F1365.mvt in 707.375µs
2026/08/29 21:57:08 main.go:162: served 200 %2FRHR%2F12%2F2123%2F1367.mvt in 1.349875ms
2026/08/29 21:57:08 main.go:162: served 200 %2FRHR%2F12%2F2123%2F1365.mvt in 948.583µs
2026/08/29 21:57:09 main.go:162: served 200 %2FRHR%2F13%2F4250%2F2734.mvt in 3.989ms
2026/08/29 21:57:09 main.go:162: served 200 %2FRHR%2F13%2F4250%2F2735.mvt in 2.834208ms
2026/08/29 21:57:09 main.go:162: served 200 %2FRHR%2F13%2F4249%2F2734.mvt in 3.066792ms
2026/08/29 21:57:09 main.go:162: served 200 %2FRHR%2F13%2F4251%2F2734.mvt in 3.613708ms
2026/08/29 21:57:09 main.go:162: served 200 %2FRHR%2F13%2F4251%2F2733.mvt in 2.892292ms
2026/08/29 21:57:09 main.go:162: served 200 %2FRHR%2F13%2F4250%2F2733.mvt in 4.399792ms
2026/08/29 21:57:09 main.go:162: served 200 %2FRHR%2F13%2F4249%2F2733.mvt in 449.75µs
2026/08/29 21:57:09 main.go:162: served 200 %2FRHR%2F13%2F4251%2F2735.mvt in 910.917µs
2026/08/29 21:57:09 main.go:162: served 200 %2FRHR%2F13%2F4249%2F2735.mvt in 576.958µs
2026/08/29 21:57:10 main.go:162: served 304 %2FRHR%2F13%2F4250%2F2735.mvt in 448.291µs
2026/08/29 21:57:10 main.go:162: served 304 %2FRHR%2F13%2F4251%2F2735.mvt in 429.625µs
2026/08/29 21:57:10 main.go:162: served 304 %2FRHR%2F13%2F4249%2F2735.mvt in 359.959µs
2026/08/29 21:57:11 main.go:162: served 304 %2FRHR%2F11%2F1061%2F684.mvt in 142.75µs
2026/08/29 21:57:11 main.go:162: served 304 %2FRHR%2F11%2F1063%2F684.mvt in 144.792µs
2026/08/29 21:57:11 main.go:162: served 304 %2FRHR%2F11%2F1062%2F684.mvt in 194.25µs
2026/08/29 21:57:14 main.go:162: served 304 %2FRHR%2F12%2F2123%2F1366.mvt in 2.987166ms
2026/08/29 21:57:14 main.go:162: served 304 %2FRHR%2F12%2F2123%2F1367.mvt in 3.975708ms
2026/08/29 21:57:14 main.go:162: served 200 %2FRHR%2F12%2F2126%2F1368.mvt in 4.7195ms
2026/08/29 21:57:14 main.go:162: served 200 %2FRHR%2F12%2F2123%2F1368.mvt in 4.785708ms
2026/08/29 21:57:14 main.go:162: served 200 %2FRHR%2F12%2F2125%2F1368.mvt in 5.912083ms
2026/08/29 21:57:14 main.go:162: served 200 %2FRHR%2F12%2F2124%2F1368.mvt in 5.666667ms
2026/08/29 21:57:15 main.go:162: served 304 %2FRHR%2F12%2F2125%2F1368.mvt in 557.125µs
2026/08/29 21:57:15 main.go:162: served 304 %2FRHR%2F12%2F2126%2F1368.mvt in 1.250208ms
2026/08/29 21:57:15 main.go:162: served 304 %2FRHR%2F12%2F2123%2F1368.mvt in 1.353917ms
2026/08/29 21:57:15 main.go:162: served 304 %2FRHR%2F12%2F2124%2F1368.mvt in 1.533416ms
2026/08/29 21:57:18 main.go:162: served 304 %2FRHR%2F11%2F1064%2F683.mvt in 414.584µs
2026/08/29 21:57:19 main.go:162: served 200 %2FRHR%2F12%2F2127%2F1366.mvt in 1.087208ms
2026/08/29 21:57:19 main.go:162: served 200 %2FRHR%2F12%2F2127%2F1365.mvt in 1.319916ms
2026/08/29 21:57:19 main.go:162: served 200 %2FRHR%2F12%2F2127%2F1367.mvt in 2.001792ms
2026/08/29 21:57:19 main.go:162: served 200 %2FRHR%2F12%2F2128%2F1366.mvt in 2.067ms
2026/08/29 21:57:19 main.go:162: served 200 %2FRHR%2F12%2F2128%2F1367.mvt in 3.232792ms
2026/08/29 21:57:19 main.go:162: served 200 %2FRHR%2F12%2F2128%2F1365.mvt in 3.360417ms
2026/08/29 21:57:19 main.go:162: served 304 %2FRHR%2F12%2F2126%2F1365.mvt in 287.375µs
2026/08/29 21:57:19 main.go:162: served 304 %2FRHR%2F12%2F2125%2F1365.mvt in 236.333µs
2026/08/29 21:57:21 main.go:162: served 304 %2FRHR%2F12%2F2128%2F1367.mvt in 509.75µs
2026/08/29 21:57:21 main.go:162: served 304 %2FRHR%2F12%2F2128%2F1366.mvt in 545.125µs
2026/08/29 21:57:21 main.go:162: served 304 %2FRHR%2F12%2F2127%2F1365.mvt in 269µs
2026/08/29 21:57:21 main.go:162: served 304 %2FRHR%2F12%2F2128%2F1365.mvt in 2.220541ms
2026/08/29 21:57:21 main.go:162: served 304 %2FRHR%2F12%2F2126%2F1365.mvt in 3.154083ms
2026/08/29 21:57:21 main.go:162: served 304 %2FRHR%2F12%2F2125%2F1365.mvt in 841.084µs
2026/08/29 21:57:25 main.go:162: served 200 %2FRHR%2F10%2F530%2F339.mvt in 1.371584ms
2026/08/29 21:57:26 main.go:162: served 200 %2FRHR%2F11%2F1062%2F681.mvt in 2.032875ms
2026/08/29 21:57:26 main.go:162: served 200 %2FRHR%2F11%2F1062%2F680.mvt in 2.034209ms
2026/08/29 21:57:26 main.go:162: served 304 %2FRHR%2F11%2F1063%2F680.mvt in 1.831125ms
2026/08/29 21:57:26 main.go:162: served 304 %2FRHR%2F11%2F1065%2F682.mvt in 1.916209ms
2026/08/29 21:57:26 main.go:162: served 304 %2FRHR%2F11%2F1063%2F681.mvt in 1.975875ms
2026/08/29 21:57:27 main.go:162: served 200 %2FRHR%2F12%2F2129%2F1363.mvt in 2.851083ms
2026/08/29 21:57:27 main.go:162: served 200 %2FRHR%2F12%2F2127%2F1363.mvt in 4.877583ms
2026/08/29 21:57:27 main.go:162: served 200 %2FRHR%2F12%2F2127%2F1362.mvt in 3.833583ms
2026/08/29 21:57:27 main.go:162: served 200 %2FRHR%2F12%2F2126%2F1363.mvt in 3.929083ms
2026/08/29 21:57:27 main.go:162: served 200 %2FRHR%2F12%2F2128%2F1363.mvt in 4.319417ms
2026/08/29 21:57:27 main.go:162: served 200 %2FRHR%2F12%2F2126%2F1362.mvt in 4.093167ms
2026/08/29 21:57:27 main.go:162: served 304 %2FRHR%2F12%2F2129%2F1362.mvt in 1.389583ms
2026/08/29 21:57:27 main.go:162: served 200 %2FRHR%2F13%2F4255%2F2726.mvt in 1.364583ms
2026/08/29 21:57:27 main.go:162: served 200 %2FRHR%2F13%2F4256%2F2726.mvt in 1.004166ms
2026/08/29 21:57:27 main.go:162: served 200 %2FRHR%2F13%2F4256%2F2725.mvt in 839.083µs
2026/08/29 21:57:27 main.go:162: served 200 %2FRHR%2F13%2F4255%2F2725.mvt in 1.768875ms
2026/08/29 21:57:27 main.go:162: served 200 %2FRHR%2F13%2F4254%2F2726.mvt in 1.11825ms
2026/08/29 21:57:27 main.go:162: served 200 %2FRHR%2F13%2F4254%2F2725.mvt in 1.584583ms
2026/08/29 21:57:28 server.go:156: fetching RHR 13922-8717
2026/08/29 21:57:28 server.go:200: fetched RHR 13922-8717
2026/08/29 21:57:28 main.go:162: served 200 %2FRHR%2F14%2F8512%2F5452.mvt in 1.030625ms
2026/08/29 21:57:28 main.go:162: served 200 %2FRHR%2F14%2F8512%2F5451.mvt in 1.10975ms
2026/08/29 21:57:28 main.go:162: served 200 %2FRHR%2F14%2F8511%2F5451.mvt in 1.731875ms
2026/08/29 21:57:28 main.go:162: served 200 %2FRHR%2F14%2F8511%2F5452.mvt in 2.015417ms
2026/08/29 21:57:28 main.go:162: served 200 %2FRHR%2F14%2F8510%2F5451.mvt in 1.347458ms
2026/08/29 21:57:28 main.go:162: served 200 %2FRHR%2F14%2F8510%2F5452.mvt in 1.439584ms
2026/08/29 21:57:29 main.go:162: served 200 %2FRHR%2F13%2F4257%2F2725.mvt in 1.024458ms
2026/08/29 21:57:29 main.go:162: served 200 %2FRHR%2F13%2F4257%2F2726.mvt in 1.33ms
2026/08/29 21:57:29 main.go:162: served 304 %2FRHR%2F12%2F2127%2F1363.mvt in 1.131084ms
2026/08/29 21:57:29 main.go:162: served 304 %2FRHR%2F12%2F2128%2F1363.mvt in 1.185ms
2026/08/29 21:57:29 main.go:162: served 304 %2FRHR%2F12%2F2127%2F1362.mvt in 1.626542ms
2026/08/29 21:57:29 main.go:162: served 304 %2FRHR%2F12%2F2126%2F1363.mvt in 687.959µs
2026/08/29 21:57:30 main.go:162: served 304 %2FRHR%2F10%2F534%2F341.mvt in 1.28675ms
2026/08/29 21:57:30 main.go:162: served 304 %2FRHR%2F10%2F534%2F340.mvt in 1.501625ms
2026/08/29 21:57:30 main.go:162: served 304 %2FRHR%2F10%2F534%2F339.mvt in 1.708084ms
2026/08/29 21:59:22 main.go:162: served 200 %2FRHR%2F10%2F532%2F338.mvt in 1.009959ms
2026/08/29 21:59:22 main.go:162: served 200 %2FRHR%2F10%2F533%2F338.mvt in 1.649458ms
2026/08/29 21:59:22 main.go:162: served 200 %2FRHR%2F10%2F534%2F338.mvt in 1.673417ms
2026/08/29 21:59:22 main.go:162: served 200 %2FRHR%2F10%2F531%2F338.mvt in 1.731375ms
2026/08/29 21:59:26 main.go:162: served 200 %2FRHR%2F11%2F1067%2F678.mvt in 509.833µs
2026/08/29 21:59:26 main.go:162: served 200 %2FRHR%2F11%2F1067%2F679.mvt in 1.485292ms
2026/08/29 21:59:26 main.go:162: served 200 %2FRHR%2F11%2F1068%2F678.mvt in 359.834µs
2026/08/29 21:59:26 main.go:162: served 200 %2FRHR%2F11%2F1068%2F679.mvt in 1.29725ms
2026/08/29 21:59:26 main.go:162: served 200 %2FRHR%2F11%2F1067%2F680.mvt in 1.397584ms
2026/08/29 21:59:26 main.go:162: served 200 %2FRHR%2F11%2F1066%2F679.mvt in 680.083µs
2026/08/29 21:59:26 main.go:162: served 204 %2FRHR%2F11%2F1069%2F679.mvt in 24.125µs
2026/08/29 21:59:26 main.go:162: served 200 %2FRHR%2F11%2F1068%2F680.mvt in 137.667µs
2026/08/29 21:59:26 main.go:162: served 204 %2FRHR%2F11%2F1069%2F678.mvt in 15.208µs
2026/08/29 21:59:26 main.go:162: served 200 %2FRHR%2F11%2F1066%2F678.mvt in 255.458µs
2026/08/29 21:59:26 main.go:162: served 204 %2FRHR%2F11%2F1069%2F680.mvt in 15.625µs
2026/08/29 21:59:26 main.go:162: served 304 %2FRHR%2F11%2F1066%2F680.mvt in 346.5µs
2026/08/29 21:59:26 main.go:162: served 200 %2FRHR%2F12%2F2136%2F1357.mvt in 1.0255ms
2026/08/29 21:59:26 main.go:162: served 200 %2FRHR%2F12%2F2136%2F1358.mvt in 1.922916ms
2026/08/29 21:59:26 main.go:162: served 200 %2FRHR%2F12%2F2136%2F1359.mvt in 1.858958ms
2026/08/29 21:59:26 main.go:162: served 200 %2FRHR%2F12%2F2137%2F1358.mvt in 1.322459ms
2026/08/29 21:59:26 main.go:162: served 200 %2FRHR%2F12%2F2135%2F1358.mvt in 2.8885ms
2026/08/29 21:59:26 main.go:162: served 200 %2FRHR%2F12%2F2135%2F1359.mvt in 1.905375ms
2026/08/29 21:59:26 main.go:162: served 200 %2FRHR%2F12%2F2135%2F1357.mvt in 765.083µs
2026/08/29 21:59:26 main.go:162: served 200 %2FRHR%2F12%2F2137%2F1359.mvt in 412.709µs
2026/08/29 21:59:26 main.go:162: served 200 %2FRHR%2F12%2F2137%2F1357.mvt in 107.542µs
2026/08/29 22:00:50 main.go:162: served 304 %2FRHR%2F12%2F2137%2F1357.mvt in 204.334µs
2026/08/29 22:00:50 main.go:162: served 304 %2FRHR%2F12%2F2135%2F1357.mvt in 283.416µs
2026/08/29 22:00:50 main.go:162: served 304 %2FRHR%2F12%2F2136%2F1357.mvt in 259.5µs
2026/08/29 22:00:50 main.go:162: served 304 %2FRHR%2F11%2F1068%2F680.mvt in 265µs
2026/08/29 22:00:50 main.go:162: served 304 %2FRHR%2F11%2F1066%2F680.mvt in 236µs
2026/08/29 22:00:50 main.go:162: served 304 %2FRHR%2F11%2F1067%2F680.mvt in 240.917µs
2026/08/29 22:00:52 main.go:162: served 204 %2FRHR%2F11%2F1069%2F677.mvt in 46.667µs
2026/08/29 22:00:52 main.go:162: served 200 %2FRHR%2F11%2F1067%2F677.mvt in 1.331667ms
2026/08/29 22:00:52 main.go:162: served 200 %2FRHR%2F11%2F1068%2F677.mvt in 1.047292ms
2026/08/29 22:00:52 main.go:162: served 200 %2FRHR%2F11%2F1066%2F677.mvt in 988.416µs
2026/08/29 22:00:52 main.go:162: served 200 %2FRHR%2F12%2F2136%2F1356.mvt in 1.458ms
2026/08/29 22:00:52 main.go:162: served 304 %2FRHR%2F12%2F2136%2F1357.mvt in 370.708µs
2026/08/29 22:00:52 main.go:162: served 200 %2FRHR%2F12%2F2135%2F1356.mvt in 1.425ms
2026/08/29 22:00:52 main.go:162: served 200 %2FRHR%2F12%2F2137%2F1356.mvt in 277.708µs
2026/08/29 22:00:52 main.go:162: served 200 %2FRHR%2F12%2F2136%2F1355.mvt in 535.167µs
2026/08/29 22:00:52 main.go:162: served 200 %2FRHR%2F12%2F2135%2F1355.mvt in 492.916µs
2026/08/29 22:00:52 main.go:162: served 200 %2FRHR%2F12%2F2134%2F1356.mvt in 502.417µs
2026/08/29 22:00:52 main.go:162: served 304 %2FRHR%2F12%2F2135%2F1357.mvt in 152.709µs
2026/08/29 22:00:52 main.go:162: served 200 %2FRHR%2F12%2F2134%2F1357.mvt in 264.458µs
2026/08/29 22:00:52 main.go:162: served 200 %2FRHR%2F12%2F2134%2F1355.mvt in 1.01425ms
2026/08/29 22:00:52 main.go:162: served 304 %2FRHR%2F12%2F2137%2F1357.mvt in 743.167µs
2026/08/29 22:00:52 main.go:162: served 200 %2FRHR%2F12%2F2137%2F1355.mvt in 1.225875ms
2026/08/29 22:00:53 main.go:162: served 200 %2FRHR%2F13%2F4271%2F2713.mvt in 545.333µs
2026/08/29 22:00:53 main.go:162: served 200 %2FRHR%2F13%2F4272%2F2714.mvt in 626.542µs
2026/08/29 22:00:53 main.go:162: served 200 %2FRHR%2F13%2F4271%2F2714.mvt in 554.833µs
2026/08/29 22:00:53 main.go:162: served 200 %2FRHR%2F13%2F4272%2F2713.mvt in 826.917µs
2026/08/29 22:00:53 main.go:162: served 200 %2FRHR%2F13%2F4271%2F2712.mvt in 146.583µs
2026/08/29 22:00:53 main.go:162: served 200 %2FRHR%2F13%2F4272%2F2712.mvt in 777.875µs
2026/08/29 22:00:53 main.go:162: served 200 %2FRHR%2F13%2F4273%2F2712.mvt in 216.375µs
2026/08/29 22:00:53 main.go:162: served 200 %2FRHR%2F13%2F4270%2F2713.mvt in 241.708µs
2026/08/29 22:00:53 main.go:162: served 200 %2FRHR%2F13%2F4273%2F2713.mvt in 368.459µs
2026/08/29 22:00:53 main.go:162: served 200 %2FRHR%2F13%2F4273%2F2714.mvt in 373.625µs
2026/08/29 22:00:53 main.go:162: served 200 %2FRHR%2F13%2F4270%2F2714.mvt in 475.709µs
2026/08/29 22:00:53 main.go:162: served 200 %2FRHR%2F13%2F4270%2F2712.mvt in 542.875µs
2026/08/29 22:00:56 main.go:162: served 204 %2FRHR%2F10%2F533%2F337.mvt in 57.334µs
2026/08/29 22:00:56 main.go:162: served 204 %2FRHR%2F10%2F534%2F337.mvt in 16.375µs
2026/08/29 22:00:56 main.go:162: served 200 %2FRHR%2F10%2F532%2F337.mvt in 223.375µs
2026/08/29 22:00:57 main.go:162: served 200 %2FRHR%2F11%2F1066%2F676.mvt in 536.459µs
2026/08/29 22:00:57 main.go:162: served 200 %2FRHR%2F11%2F1067%2F676.mvt in 1.140834ms
2026/08/29 22:00:57 main.go:162: served 200 %2FRHR%2F11%2F1068%2F676.mvt in 440.292µs
2026/08/29 22:00:57 main.go:162: served 200 %2FRHR%2F11%2F1065%2F677.mvt in 656.667µs
2026/08/29 22:00:57 main.go:162: served 200 %2FRHR%2F11%2F1065%2F676.mvt in 607.458µs
2026/08/29 22:00:57 main.go:162: served 200 %2FRHR%2F12%2F2134%2F1353.mvt in 3.355834ms
2026/08/29 22:00:57 main.go:162: served 200 %2FRHR%2F12%2F2134%2F1352.mvt in 1.174417ms
2026/08/29 22:00:57 main.go:162: served 200 %2FRHR%2F12%2F2135%2F1353.mvt in 2.787458ms
2026/08/29 22:00:57 main.go:162: served 200 %2FRHR%2F12%2F2134%2F1354.mvt in 3.183084ms
2026/08/29 22:00:57 main.go:162: served 200 %2FRHR%2F12%2F2135%2F1354.mvt in 2.3935ms
2026/08/29 22:00:57 main.go:162: served 200 %2FRHR%2F12%2F2133%2F1353.mvt in 880.583µs
2026/08/29 22:00:57 main.go:162: served 200 %2FRHR%2F12%2F2133%2F1354.mvt in 764.458µs
2026/08/29 22:00:57 main.go:162: served 200 %2FRHR%2F12%2F2135%2F1352.mvt in 431.792µs
2026/08/29 22:00:57 main.go:162: served 200 %2FRHR%2F12%2F2133%2F1352.mvt in 429.208µs
2026/08/29 22:00:57 main.go:162: served 200 %2FRHR%2F12%2F2136%2F1354.mvt in 319.708µs
2026/08/29 22:00:57 main.go:162: served 200 %2FRHR%2F12%2F2136%2F1353.mvt in 494.708µs
2026/08/29 22:00:57 main.go:162: served 200 %2FRHR%2F12%2F2136%2F1352.mvt in 373.083µs
2026/08/29 22:00:58 main.go:162: served 200 %2FRHR%2F13%2F4269%2F2707.mvt in 1.539083ms
2026/08/29 22:00:58 main.go:162: served 200 %2FRHR%2F13%2F4268%2F2707.mvt in 1.903084ms
2026/08/29 22:00:58 main.go:162: served 200 %2FRHR%2F13%2F4270%2F2707.mvt in 1.197667ms
2026/08/29 22:00:58 main.go:162: served 200 %2FRHR%2F13%2F4268%2F2708.mvt in 980.334µs
2026/08/29 22:00:58 main.go:162: served 200 %2FRHR%2F13%2F4269%2F2708.mvt in 1.605166ms
2026/08/29 22:00:58 main.go:162: served 200 %2FRHR%2F13%2F4269%2F2706.mvt in 1.86625ms
2026/08/29 22:00:58 main.go:162: served 200 %2FRHR%2F13%2F4268%2F2706.mvt in 552.167µs
2026/08/29 22:00:58 main.go:162: served 200 %2FRHR%2F13%2F4270%2F2708.mvt in 389.667µs
2026/08/29 22:00:58 main.go:162: served 200 %2FRHR%2F13%2F4270%2F2706.mvt in 368.375µs
2026/08/29 22:01:02 main.go:162: served 200 %2FRHR%2F11%2F1065%2F678.mvt in 1.096708ms
2026/08/29 22:01:03 main.go:162: served 304 %2FRHR%2F10%2F531%2F338.mvt in 205µs
2026/08/29 22:01:03 main.go:162: served 304 %2FRHR%2F10%2F531%2F339.mvt in 1.358667ms
2026/08/29 22:01:03 main.go:162: served 304 %2FRHR%2F10%2F532%2F340.mvt in 1.561042ms
2026/08/29 22:01:03 main.go:162: served 304 %2FRHR%2F10%2F534%2F340.mvt in 1.6435ms
2026/08/29 22:01:03 main.go:162: served 304 %2FRHR%2F10%2F531%2F340.mvt in 1.797083ms
2026/08/29 22:01:03 main.go:162: served 200 %2FRHR%2F10%2F530%2F338.mvt in 292.25µs
2026/08/29 22:01:03 main.go:162: served 304 %2FRHR%2F10%2F530%2F339.mvt in 271.125µs
2026/08/29 22:01:03 main.go:162: served 304 %2FRHR%2F10%2F530%2F340.mvt in 3.127083ms
2026/08/29 22:01:05 main.go:162: served 304 %2FRHR%2F10%2F534%2F341.mvt in 2.104ms
2026/08/29 22:01:05 main.go:162: served 304 %2FRHR%2F10%2F532%2F341.mvt in 2.057834ms
2026/08/29 22:01:05 main.go:162: served 304 %2FRHR%2F10%2F531%2F341.mvt in 1.819667ms
2026/08/29 22:01:05 main.go:162: served 304 %2FRHR%2F10%2F533%2F341.mvt in 3.328625ms
2026/08/29 22:01:05 main.go:162: served 304 %2FRHR%2F10%2F531%2F342.mvt in 1.418959ms
2026/08/29 22:01:05 main.go:162: served 304 %2FRHR%2F10%2F533%2F342.mvt in 1.475334ms
2026/08/29 22:01:05 main.go:162: served 304 %2FRHR%2F10%2F532%2F342.mvt in 1.639209ms
2026/08/29 22:01:05 main.go:162: served 304 %2FRHR%2F10%2F534%2F342.mvt in 1.715958ms
2026/08/29 22:01:06 main.go:162: served 204 %2FRHR%2F10%2F533%2F343.mvt in 38.583µs
2026/08/29 22:01:06 main.go:162: served 204 %2FRHR%2F10%2F532%2F343.mvt in 18.583µs
2026/08/29 22:01:06 main.go:162: served 204 %2FRHR%2F10%2F534%2F343.mvt in 11.209µs
2026/08/29 22:01:06 main.go:162: served 204 %2FRHR%2F10%2F531%2F343.mvt in 7.792µs
2026/08/29 22:01:07 main.go:162: served 204 %2FRHR%2F10%2F530%2F343.mvt in 62.75µs
2026/08/29 22:01:07 main.go:162: served 304 %2FRHR%2F10%2F530%2F342.mvt in 1.543542ms
2026/08/29 22:01:07 main.go:162: served 304 %2FRHR%2F10%2F530%2F341.mvt in 1.597417ms
2026/08/29 22:01:07 main.go:162: served 204 %2FRHR%2F10%2F529%2F342.mvt in 56.75µs
2026/08/29 22:01:07 main.go:162: served 204 %2FRHR%2F10%2F529%2F341.mvt in 30.375µs
2026/08/29 22:01:07 main.go:162: served 204 %2FRHR%2F10%2F529%2F343.mvt in 12.375µs
2026/08/29 22:01:07 main.go:162: served 204 %2FRHR%2F10%2F528%2F342.mvt in 61.209µs
2026/08/29 22:01:07 main.go:162: served 204 %2FRHR%2F10%2F528%2F341.mvt in 15.167µs
2026/08/29 22:01:08 main.go:162: served 204 %2FRHR%2F10%2F529%2F340.mvt in 64.292µs
2026/08/29 22:01:08 main.go:162: served 204 %2FRHR%2F10%2F528%2F340.mvt in 18.25µs
2026/08/29 22:01:10 main.go:162: served 204 %2FRHR%2F11%2F1060%2F682.mvt in 47.125µs
2026/08/29 22:01:10 main.go:162: served 204 %2FRHR%2F11%2F1060%2F683.mvt in 145.75µs
2026/08/29 22:01:10 main.go:162: served 204 %2FRHR%2F11%2F1060%2F681.mvt in 36.25µs
2026/08/29 22:01:10 main.go:162: served 204 %2FRHR%2F11%2F1059%2F682.mvt in 15.333µs
2026/08/29 22:01:10 main.go:162: served 204 %2FRHR%2F11%2F1059%2F683.mvt in 8.25µs
2026/08/29 22:01:10 main.go:162: served 204 %2FRHR%2F11%2F1059%2F681.mvt in 8.125µs
2026/08/29 22:01:10 main.go:162: served 200 %2FRHR%2F11%2F1061%2F681.mvt in 2.914834ms
2026/08/29 22:01:10 main.go:162: served 304 %2FRHR%2F11%2F1061%2F682.mvt in 1.092125ms
2026/08/29 22:01:10 main.go:162: served 304 %2FRHR%2F11%2F1061%2F683.mvt in 327.833µs
2026/08/29 22:01:10 main.go:162: served 304 %2FRHR%2F11%2F1062%2F682.mvt in 2.547917ms
2026/08/29 22:01:10 main.go:162: served 304 %2FRHR%2F11%2F1062%2F683.mvt in 2.610834ms
2026/08/29 22:01:10 main.go:162: served 304 %2FRHR%2F11%2F1062%2F681.mvt in 2.564834ms
2026/08/29 22:01:10 main.go:162: served 204 %2FRHR%2F12%2F2121%2F1365.mvt in 44.167µs
2026/08/29 22:01:10 main.go:162: served 204 %2FRHR%2F12%2F2121%2F1364.mvt in 34.667µs
2026/08/29 22:01:10 main.go:162: served 200 %2FRHR%2F12%2F2122%2F1364.mvt in 3.472292ms
2026/08/29 22:01:10 main.go:162: served 200 %2FRHR%2F12%2F2122%2F1366.mvt in 1.855875ms
2026/08/29 22:01:10 main.go:162: served 204 %2FRHR%2F12%2F2121%2F1366.mvt in 1.707125ms
2026/08/29 22:01:10 main.go:162: served 200 %2FRHR%2F12%2F2122%2F1365.mvt in 5.200917ms
2026/08/29 22:01:10 main.go:162: served 200 %2FRHR%2F12%2F2123%2F1364.mvt in 2.927542ms
2026/08/29 22:01:10 main.go:162: served 304 %2FRHR%2F12%2F2123%2F1365.mvt in 1.685292ms
2026/08/29 22:01:10 main.go:162: served 304 %2FRHR%2F12%2F2123%2F1366.mvt in 5.212334ms
2026/08/29 22:01:12 main.go:162: served 204 %2FRHR%2F10%2F529%2F339.mvt in 50.208µs
2026/08/29 22:01:13 main.go:162: served 204 %2FRHR%2F10%2F529%2F338.mvt in 53.416µs
2026/08/29 22:01:18 main.go:162: served 204 %2FRHR%2F10%2F530%2F337.mvt in 78.25µs
2026/08/29 22:01:18 main.go:162: served 200 %2FRHR%2F10%2F531%2F337.mvt in 170.584µs
2026/08/29 22:01:18 main.go:162: served 204 %2FRHR%2F10%2F529%2F337.mvt in 15.417µs
2026/08/29 22:01:18 main.go:162: served 304 %2FRHR%2F10%2F532%2F337.mvt in 164.042µs
2026/08/29 22:01:20 main.go:162: served 204 %2FRHR%2F11%2F1061%2F676.mvt in 51.792µs
2026/08/29 22:01:20 main.go:162: served 200 %2FRHR%2F11%2F1062%2F676.mvt in 667.458µs
2026/08/29 22:01:20 main.go:162: served 200 %2FRHR%2F11%2F1061%2F677.mvt in 517.417µs
2026/08/29 22:01:20 main.go:162: served 200 %2FRHR%2F11%2F1062%2F677.mvt in 261.959µs
2026/08/29 22:01:20 main.go:162: served 204 %2FRHR%2F11%2F1061%2F675.mvt in 28.459µs
2026/08/29 22:01:20 main.go:162: served 204 %2FRHR%2F11%2F1060%2F676.mvt in 38.458µs
2026/08/29 22:01:20 main.go:162: served 204 %2FRHR%2F11%2F1062%2F675.mvt in 21.125µs
2026/08/29 22:01:20 main.go:162: served 204 %2FRHR%2F11%2F1060%2F677.mvt in 13.792µs
2026/08/29 22:01:20 main.go:162: served 204 %2FRHR%2F11%2F1063%2F675.mvt in 9.917µs
2026/08/29 22:01:20 main.go:162: served 204 %2FRHR%2F11%2F1060%2F675.mvt in 19.792µs
2026/08/29 22:01:20 main.go:162: served 200 %2FRHR%2F11%2F1063%2F677.mvt in 152.417µs
2026/08/29 22:01:20 main.go:162: served 200 %2FRHR%2F11%2F1063%2F676.mvt in 236.334µs
2026/08/29 22:01:21 main.go:162: served 200 %2FRHR%2F12%2F2123%2F1353.mvt in 1.546791ms
2026/08/29 22:01:21 main.go:162: served 200 %2FRHR%2F12%2F2124%2F1354.mvt in 783µs
2026/08/29 22:01:21 main.go:162: served 200 %2FRHR%2F12%2F2123%2F1354.mvt in 1.134875ms
2026/08/29 22:01:21 main.go:162: served 200 %2FRHR%2F12%2F2124%2F1353.mvt in 1.919167ms
2026/08/29 22:01:21 main.go:162: served 200 %2FRHR%2F12%2F2124%2F1352.mvt in 555.5µs
2026/08/29 22:01:21 main.go:162: served 200 %2FRHR%2F12%2F2123%2F1352.mvt in 1.320834ms
2026/08/29 22:01:21 main.go:162: served 200 %2FRHR%2F12%2F2122%2F1353.mvt in 511.625µs
2026/08/29 22:01:21 main.go:162: served 200 %2FRHR%2F12%2F2125%2F1353.mvt in 340.083µs
2026/08/29 22:01:21 main.go:162: served 200 %2FRHR%2F12%2F2122%2F1354.mvt in 785.541µs
2026/08/29 22:01:21 main.go:162: served 200 %2FRHR%2F12%2F2125%2F1354.mvt in 700.291µs
2026/08/29 22:01:21 main.go:162: served 200 %2FRHR%2F12%2F2122%2F1352.mvt in 194.458µs
2026/08/29 22:01:21 main.go:162: served 200 %2FRHR%2F12%2F2125%2F1352.mvt in 1.253916ms
2026/08/29 22:03:32 main.go:162: served 200 %2FRHR%2F12%2F2126%2F1354.mvt in 954.833µs
2026/08/29 22:03:32 main.go:162: served 200 %2FRHR%2F12%2F2126%2F1353.mvt in 1.035375ms
./run_mac-linux.sh: line 23:  5275 Killed: 9               "$SCRIPT_DIR/pmtiles" serve "$SCRIPT_DIR" --port 8080 --cors=*
